Archive member included to satisfy reference by file (symbol)

../../libdaisy/build\libdaisy.a(parameter.o)
                              build/sego.o (daisy::Parameter::Init(daisy::AnalogControl, float, float, daisy::Parameter::Curve))
../../libdaisy/build\libdaisy.a(system_stm32h7xx.o)
                              build/startup_stm32h750xx.o (SystemInit)
../../libdaisy/build\libdaisy.a(cso_hardware.o)
                              build/sego.o (daisy::CsoHardware::StartAudio(void (*)(float const*, float*, unsigned int)))
../../libdaisy/build\libdaisy.a(daisy_seed.o)
                              ../../libdaisy/build\libdaisy.a(cso_hardware.o) (daisy::DaisySeed::Configure())
../../libdaisy/build\libdaisy.a(codec_ak4556.o)
                              ../../libdaisy/build\libdaisy.a(daisy_seed.o) (daisy::Ak4556::Init(dsy_gpio_pin))
../../libdaisy/build\libdaisy.a(codec_wm8731.o)
                              ../../libdaisy/build\libdaisy.a(daisy_seed.o) (daisy::Wm8731::Init(daisy::Wm8731::Config const&, daisy::I2CHandle))
../../libdaisy/build\libdaisy.a(sdram.o)
                              ../../libdaisy/build\libdaisy.a(daisy_seed.o) (SdramHandle::Init())
../../libdaisy/build\libdaisy.a(audio.o)
                              ../../libdaisy/build\libdaisy.a(daisy_seed.o) (daisy::AudioHandle::Init(daisy::AudioHandle::Config const&, daisy::SaiHandle))
../../libdaisy/build\libdaisy.a(ctrl.o)
                              ../../libdaisy/build\libdaisy.a(cso_hardware.o) (daisy::AnalogControl::Init(unsigned short*, float, bool, bool, float))
../../libdaisy/build\libdaisy.a(rgb_led.o)
                              ../../libdaisy/build\libdaisy.a(cso_hardware.o) (daisy::RgbLed::SetColor(daisy::Color))
../../libdaisy/build\libdaisy.a(switch.o)
                              ../../libdaisy/build\libdaisy.a(cso_hardware.o) (daisy::Switch::Init(dsy_gpio_pin, float))
../../libdaisy/build\libdaisy.a(adc.o)
                              ../../libdaisy/build\libdaisy.a(cso_hardware.o) (daisy::AdcChannelConfig::InitSingle(dsy_gpio_pin))
../../libdaisy/build\libdaisy.a(gpio.o)
                              ../../libdaisy/build\libdaisy.a(daisy_seed.o) (dsy_gpio_init)
../../libdaisy/build\libdaisy.a(i2c.o)
                              ../../libdaisy/build\libdaisy.a(daisy_seed.o) (daisy::I2CHandle::Init(daisy::I2CHandle::Config const&))
../../libdaisy/build\libdaisy.a(qspi.o)
                              ../../libdaisy/build\libdaisy.a(daisy_seed.o) (daisy::QSPIHandle::Init(daisy::QSPIHandle::Config const&))
../../libdaisy/build\libdaisy.a(sai.o)
                              ../../libdaisy/build\libdaisy.a(daisy_seed.o) (daisy::SaiHandle::Init(daisy::SaiHandle::Config const&))
../../libdaisy/build\libdaisy.a(uart.o)
                              ../../libdaisy/build\libdaisy.a(cso_hardware.o) (daisy::UartHandler::Init(daisy::UartHandler::Config const&))
../../libdaisy/build\libdaisy.a(system.o)
                              ../../libdaisy/build\libdaisy.a(daisy_seed.o) (daisy::System::DeInit())
../../libdaisy/build\libdaisy.a(color.o)
                              ../../libdaisy/build\libdaisy.a(cso_hardware.o) (daisy::Color::Init(daisy::Color::PresetColor))
../../libdaisy/build\libdaisy.a(hal_map.o)
                              ../../libdaisy/build\libdaisy.a(gpio.o) (dsy_hal_map_get_port)
../../libdaisy/build\libdaisy.a(stm32h7xx_hal.o)
                              ../../libdaisy/build\libdaisy.a(system.o) (HAL_Init)
../../libdaisy/build\libdaisy.a(stm32h7xx_hal_adc.o)
                              ../../libdaisy/build\libdaisy.a(adc.o) (HAL_ADC_ConfigChannel)
../../libdaisy/build\libdaisy.a(stm32h7xx_hal_adc_ex.o)
                              ../../libdaisy/build\libdaisy.a(adc.o) (HAL_ADCEx_Calibration_Start)
../../libdaisy/build\libdaisy.a(stm32h7xx_hal_cortex.o)
                              ../../libdaisy/build\libdaisy.a(stm32h7xx_hal.o) (HAL_NVIC_SetPriorityGrouping)
../../libdaisy/build\libdaisy.a(stm32h7xx_hal_dma.o)
                              ../../libdaisy/build\libdaisy.a(adc.o) (HAL_DMA_Init)
../../libdaisy/build\libdaisy.a(stm32h7xx_hal_gpio.o)
                              ../../libdaisy/build\libdaisy.a(sdram.o) (HAL_GPIO_Init)
../../libdaisy/build\libdaisy.a(stm32h7xx_hal_i2c.o)
                              ../../libdaisy/build\libdaisy.a(i2c.o) (HAL_I2C_Init)
../../libdaisy/build\libdaisy.a(stm32h7xx_hal_i2c_ex.o)
                              ../../libdaisy/build\libdaisy.a(i2c.o) (HAL_I2CEx_ConfigAnalogFilter)
../../libdaisy/build\libdaisy.a(stm32h7xx_hal_pwr_ex.o)
                              ../../libdaisy/build\libdaisy.a(system.o) (HAL_PWREx_ConfigSupply)
../../libdaisy/build\libdaisy.a(stm32h7xx_hal_qspi.o)
                              ../../libdaisy/build\libdaisy.a(qspi.o) (HAL_QSPI_Init)
../../libdaisy/build\libdaisy.a(stm32h7xx_hal_rcc.o)
[...]
Memory Configuration

Name             Origin             Length             Attributes
FLASH            0x08000000         0x00020000         xr
DTCMRAM          0x20000000         0x00020000         xrw
SRAM             0x24000000         0x00080000         xrw
RAM_D2           0x30000000         0x00048000         xrw
RAM_D3           0x38000000         0x00010000         xrw
ITCMRAM          0x00000000         0x00010000         xrw
SDRAM            0xc0000000         0x04000000         xrw
QSPIFLASH        0x90000000         0x00800000         xr
*default*        0x00000000         0xffffffff

Linker script and memory map

LOAD c:/users/ashgr/downloads/daisytoolchain-0.3.1/windows/bin/../lib/gcc/arm-none-eabi/10.2.1/thumb/v7e-m+dp/hard/crti.o
LOAD c:/users/ashgr/downloads/daisytoolchain-0.3.1/windows/bin/../lib/gcc/arm-none-eabi/10.2.1/thumb/v7e-m+dp/hard/crtbegin.o
LOAD c:/users/ashgr/downloads/daisytoolchain-0.3.1/windows/bin/../lib/gcc/arm-none-eabi/10.2.1/../../../../arm-none-eabi/lib/thumb/v7e-m+dp/hard/crt0.o
LOAD build/startup_stm32h750xx.o
LOAD build/sego.o
LOAD ../../libdaisy/build\libdaisy.a
LOAD c:/users/ashgr/downloads/daisytoolchain-0.3.1/windows/bin/../lib/gcc/arm-none-eabi/10.2.1/../../../../arm-none-eabi/lib/thumb/v7e-m+dp/hard\libnosys.a
LOAD ../../DaisySP/build\libdaisysp.a
LOAD c:/users/ashgr/downloads/daisytoolchain-0.3.1/windows/bin/../lib/gcc/arm-none-eabi/10.2.1/../../../../arm-none-eabi/lib/thumb/v7e-m+dp/hard\libstdc++_nano.a
LOAD c:/users/ashgr/downloads/daisytoolchain-0.3.1/windows/bin/../lib/gcc/arm-none-eabi/10.2.1/../../../../arm-none-eabi/lib/thumb/v7e-m+dp/hard\libm.a
LOAD c:/users/ashgr/downloads/daisytoolchain-0.3.1/windows/bin/../lib/gcc/arm-none-eabi/10.2.1/../../../../arm-none-eabi/lib/thumb/v7e-m+dp/hard\libc_nano.a
START GROUP
LOAD c:/users/ashgr/downloads/daisytoolchain-0.3.1/windows/bin/../lib/gcc/arm-none-eabi/10.2.1/thumb/v7e-m+dp/hard\libgcc.a
LOAD c:/users/ashgr/downloads/daisytoolchain-0.3.1/windows/bin/../lib/gcc/arm-none-eabi/10.2.1/../../../../arm-none-eabi/lib/thumb/v7e-m+dp/hard\libc_nano.a
END GROUP
START GROUP
LOAD c:/users/ashgr/downloads/daisytoolchain-0.3.1/windows/bin/../lib/gcc/arm-none-eabi/10.2.1/thumb/v7e-m+dp/hard\libgcc.a
LOAD c:/users/ashgr/downloads/daisytoolchain-0.3.1/windows/bin/../lib/gcc/arm-none-eabi/10.2.1/../../../../arm-none-eabi/lib/thumb/v7e-m+dp/hard\libc_nano.a
LOAD c:/users/ashgr/downloads/daisytoolchain-0.3.1/windows/bin/../lib/gcc/arm-none-eabi/10.2.1/../../../../arm-none-eabi/lib/thumb/v7e-m+dp/hard\libnosys.a
END GROUP
START GROUP
LOAD c:/users/ashgr/downloads/daisytoolchain-0.3.1/windows/bin/../lib/gcc/arm-none-eabi/10.2.1/thumb/v7e-m+dp/hard\libgcc.a
LOAD c:/users/ashgr/downloads/daisytoolchain-0.3.1/windows/bin/../lib/gcc/arm-none-eabi/10.2.1/../../../../arm-none-eabi/lib/thumb/v7e-m+dp/hard\libc_nano.a
LOAD c:/users/ashgr/downloads/daisytoolchain-0.3.1/windows/bin/../lib/gcc/arm-none-eabi/10.2.1/../../../../arm-none-eabi/lib/thumb/v7e-m+dp/hard\libnosys.a
END GROUP
LOAD c:/users/ashgr/downloads/daisytoolchain-0.3.1/windows/bin/../lib/gcc/arm-none-eabi/10.2.1/thumb/v7e-m+dp/hard/crtend.o
LOAD c:/users/ashgr/downloads/daisytoolchain-0.3.1/windows/bin/../lib/gcc/arm-none-eabi/10.2.1/thumb/v7e-m+dp/hard/crtn.o
                0x20020000                _estack = 0x20020000

.isr_vector     0x08000000      0x298
                0x08000000                . = ALIGN (0x4)
 *(.isr_vector)
 .isr_vector    0x08000000      0x298 build/startup_stm32h750xx.o
                0x08000000                g_pfnVectors
                0x08000298                . = ALIGN (0x4)

.text           0x08000298    0x10220
                0x08000298                . = ALIGN (0x4)
                0x08000298                _stext = .
 *(.text)
 .text          0x08000298       0x40 c:/users/ashgr/downloads/daisytoolchain-0.3.1/windows/bin/../lib/gcc/arm-none-eabi/10.2.1/thumb/v7e-m+dp/hard/crtbegin.o
 .text          0x080002d8      0x378 c:/users/ashgr/downloads/daisytoolchain-0.3.1/windows/bin/../lib/gcc/arm-none-eabi/10.2.1/thumb/v7e-m+dp/hard\libgcc.a(_arm_addsubdf3.o)
                0x080002d8                __aeabi_drsub
                0x080002e0                __aeabi_dsub
                0x080002e0                __subdf3
                0x080002e4                __aeabi_dadd
                0x080002e4                __adddf3
                0x0800055c                __floatunsidf
                0x0800055c                __aeabi_ui2d
                0x0800057c                __floatsidf
                0x0800057c                __aeabi_i2d
                0x080005a0                __aeabi_f2d
                0x080005a0                __extendsfdf2
                0x080005e4                __floatundidf
                0x080005e4                __aeabi_ul2d
                0x080005f4                __floatdidf
                0x080005f4                __aeabi_l2d
 .text          0x08000650       0x30 c:/users/ashgr/downloads/daisytoolchain-0.3.1/windows/bin/../lib/gcc/arm-none-eabi/10.2.1/thumb/v7e-m+dp/hard\libgcc.a(_aeabi_uldivmod.o)
                0x08000650                __aeabi_uldivmod
 .text          0x08000680      0x2d0 c:/users/ashgr/downloads/daisytoolchain-0.3.1/windows/bin/../lib/gcc/arm-none-eabi/10.2.1/thumb/v7e-m+dp/hard\libgcc.a(_udivmoddi4.o)
                0x08000680                __udivmoddi4
 .text          0x08000950        0x4 c:/users/ashgr/downloads/daisytoolchain-0.3.1/windows/bin/../lib/gcc/arm-none-eabi/10.2.1/thumb/v7e-m+dp/hard\libgcc.a(_dvmd_tls.o)
                0x08000950                __aeabi_idiv0
                0x08000950                __aeabi_ldiv0
 *(.text*)
 .text.Default_Handler
                0x08000954        0x4 build/startup_stm32h750xx.o
                0x08000954                RTC_Alarm_IRQHandler
                0x08000954                HASH_RNG_IRQHandler
                0x08000954                EXTI2_IRQHandler
                0x08000954                TIM8_CC_IRQHandler
                0x08000954                HRTIM1_Master_IRQHandler
                0x08000954                DebugMon_Handler
                0x08000954                SPI4_IRQHandler
                0x08000954                TIM1_CC_IRQHandler
                0x08000954                BDMA_Channel6_IRQHandler
                0x08000954                DMA2_Stream5_IRQHandler
                0x08000954                HRTIM1_FLT_IRQHandler
                0x08000954                JPEG_IRQHandler
                0x08000954                BDMA_Channel1_IRQHandler
                0x08000954                HRTIM1_TIMD_IRQHandler
                0x08000954                TAMP_STAMP_IRQHandler
                0x08000954                PendSV_Handler
                0x08000954                NMI_Handler
                0x08000954                EXTI3_IRQHandler
                0x08000954                LPTIM4_IRQHandler
                0x08000954                TIM8_TRG_COM_TIM14_IRQHandler
                0x08000954                LPTIM2_IRQHandler
                0x08000954                DFSDM1_FLT1_IRQHandler
                0x08000954                DMAMUX2_OVR_IRQHandler
                0x08000954                TIM8_UP_TIM13_IRQHandler
                0x08000954                I2C3_ER_IRQHandler
                0x08000954                DFSDM1_FLT2_IRQHandler
                0x08000954                MDMA_IRQHandler
                0x08000954                LPTIM3_IRQHandler
                0x08000954                HSEM1_IRQHandler
                0x08000954                EXTI0_IRQHandler
                0x08000954                FPU_IRQHandler
                0x08000954                OTG_HS_WKUP_IRQHandler
                0x08000954                FDCAN1_IT1_IRQHandler
                0x08000954                UsageFault_Handler
                0x08000954                LTDC_ER_IRQHandler
                0x08000954                DMA2_Stream2_IRQHandler
                0x08000954                HRTIM1_TIME_IRQHandler
                0x08000954                TIM6_DAC_IRQHandler
                0x08000954                DCMI_IRQHandler
                0x08000954                HRTIM1_TIMC_IRQHandler
                0x08000954                DMA2_Stream3_IRQHandler
                0x08000954                SAI2_IRQHandler
                0x08000954                DFSDM1_FLT3_IRQHandler
                0x08000954                TIM17_IRQHandler
                0x08000954                CRYP_IRQHandler
                0x08000954                BDMA_Channel7_IRQHandler
                0x08000954                LPTIM5_IRQHandler
                0x08000954                ADC3_IRQHandler
                0x08000954                DMA2_Stream0_IRQHandler
                0x08000954                TIM4_IRQHandler
                0x08000954                BDMA_Channel2_IRQHandler
                0x08000954                DMAMUX1_OVR_IRQHandler
                0x08000954                TIM16_IRQHandler
                0x08000954                BDMA_Channel5_IRQHandler
                0x08000954                TIM3_IRQHandler
                0x08000954                RCC_IRQHandler
                0x08000954                TIM8_BRK_TIM12_IRQHandler
                0x08000954                TIM1_TRG_COM_IRQHandler
                0x08000954                Default_Handler
                0x08000954                ECC_IRQHandler
                0x08000954                CEC_IRQHandler
                0x08000954                EXTI15_10_IRQHandler
                0x08000954                BDMA_Channel0_IRQHandler
                0x08000954                ADC_IRQHandler
                0x08000954                HRTIM1_TIMA_IRQHandler
                0x08000954                SPI5_IRQHandler
                0x08000954                TIM7_IRQHandler
                0x08000954                SDMMC1_IRQHandler
                0x08000954                TIM5_IRQHandler
                0x08000954                DMA2_Stream7_IRQHandler
                0x08000954                TIM15_IRQHandler
                0x08000954                PVD_AVD_IRQHandler
                0x08000954                EXTI9_5_IRQHandler
                0x08000954                RTC_WKUP_IRQHandler
                0x08000954                LTDC_IRQHandler
                0x08000954                SAI3_IRQHandler
                0x08000954                ETH_WKUP_IRQHandler
                0x08000954                SPDIF_RX_IRQHandler
                0x08000954                SPI2_IRQHandler
                0x08000954                OTG_HS_EP1_IN_IRQHandler
                0x08000954                MemManage_Handler
                0x08000954                SVC_Handler
                0x08000954                CRS_IRQHandler
                0x08000954                EXTI4_IRQHandler
                0x08000954                HRTIM1_TIMB_IRQHandler
                0x08000954                FDCAN2_IT1_IRQHandler
                0x08000954                ETH_IRQHandler
                0x08000954                TIM1_UP_IRQHandler
                0x08000954                BDMA_Channel4_IRQHandler
                0x08000954                OTG_HS_EP1_OUT_IRQHandler
                0x08000954                WWDG_IRQHandler
                0x08000954                SPI6_IRQHandler
                0x08000954                I2C4_EV_IRQHandler
                0x08000954                MDIOS_IRQHandler
                0x08000954                FDCAN2_IT0_IRQHandler
                0x08000954                FDCAN1_IT0_IRQHandler
                0x08000954                TIM2_IRQHandler
                0x08000954                OTG_FS_WKUP_IRQHandler
                0x08000954                OTG_HS_IRQHandler
                0x08000954                DMA2D_IRQHandler
                0x08000954                TIM1_BRK_IRQHandler
                0x08000954                EXTI1_IRQHandler
                0x08000954                SDMMC2_IRQHandler
                0x08000954                OTG_FS_EP1_OUT_IRQHandler
                0x08000954                BDMA_Channel3_IRQHandler
                0x08000954                MDIOS_WKUP_IRQHandler
                0x08000954                DFSDM1_FLT0_IRQHandler
                0x08000954                SAI4_IRQHandler
                0x08000954                I2C2_ER_IRQHandler
                0x08000954                DMA2_Stream1_IRQHandler
                0x08000954                FLASH_IRQHandler
                0x08000954                DMA2_Stream4_IRQHandler
                0x08000954                BusFault_Handler
                0x08000954                OTG_FS_IRQHandler
                0x08000954                SPI3_IRQHandler
                0x08000954                WAKEUP_PIN_IRQHandler
                0x08000954                OTG_FS_EP1_IN_IRQHandler
                0x08000954                I2C1_ER_IRQHandler
                0x08000954                FMC_IRQHandler
                0x08000954                FDCAN_CAL_IRQHandler
                0x08000954                SWPMI1_IRQHandler
                0x08000954                COMP1_IRQHandler
                0x08000954                LPTIM1_IRQHandler
                0x08000954                I2C4_ER_IRQHandler
                0x08000954                DMA2_Stream6_IRQHandler
                0x08000954                SAI1_IRQHandler
 .text.Reset_Handler
                0x08000958       0x44 build/startup_stm32h750xx.o
                0x08000958                Reset_Handler
 .text._ZN5daisy9ParameterD2Ev
                0x0800099c        0x4 build/sego.o
                0x0800099c                daisy::Parameter::~Parameter()
                0x0800099c                daisy::Parameter::~Parameter()
 .text._ZN5daisy11CsoHardwareD2Ev
                0x080009a0        0x4 build/sego.o
                0x080009a0                daisy::CsoHardware::~CsoHardware()
                0x080009a0                daisy::CsoHardware::~CsoHardware()
 .text._ZN7daisysp3CsoD2Ev
                0x080009a4        0x4 build/sego.o
                0x080009a4                daisysp::Cso::~Cso()
                0x080009a4                daisysp::Cso::~Cso()
 .text._Z9InitSynthf
                0x080009a8      0x244 build/sego.o
                0x080009a8                InitSynth(float)
 .text._Z11UpdateKnobsv
                0x08000bec      0x1b8 build/sego.o
                0x08000bec                UpdateKnobs()
 .text._Z14UpdateSwitchesv
                0x08000da4       0xa0 build/sego.o
                0x08000da4                UpdateSwitches()
 .text._ZL13AudioCallbackPKfPfj
                0x08000e44       0x70 build/sego.o
 .text.startup.main
                0x08000eb4       0x2c build/sego.o
                0x08000eb4                main
 .text.startup._GLOBAL__sub_I_hw
                0x08000ee0       0xf8 build/sego.o
 .text._ZN5daisy9Parameter4InitENS_13AnalogControlEffNS0_5CurveE
                0x08000fd8       0x60 ../../libdaisy/build\libdaisy.a(parameter.o)
                0x08000fd8                daisy::Parameter::Init(daisy::AnalogControl, float, float, daisy::Parameter::Curve)
 .text._ZN5daisy9Parameter7ProcessEv
                0x08001038       0xac ../../libdaisy/build\libdaisy.a(parameter.o)
                0x08001038                daisy::Parameter::Process()
 .text.SystemInit
                0x080010e4       0x9c ../../libdaisy/build\libdaisy.a(system_stm32h7xx.o)
                0x080010e4                SystemInit
 .text._ZN5daisy11CsoHardware10StartAudioEPFvPKfPfjE
                0x08001180        0x4 ../../libdaisy/build\libdaisy.a(cso_hardware.o)
                0x08001180                daisy::CsoHardware::StartAudio(void (*)(float const*, float*, unsigned int))
 .text._ZN5daisy11CsoHardware15AudioSampleRateEv
                0x08001184        0x4 ../../libdaisy/build\libdaisy.a(cso_hardware.o)
                0x08001184                daisy::CsoHardware::AudioSampleRate()
 .text._ZN5daisy11CsoHardware8StartAdcEv
                0x08001188        0x8 ../../libdaisy/build\libdaisy.a(cso_hardware.o)
                0x08001188                daisy::CsoHardware::StartAdc()
 .text._ZN5daisy11CsoHardware21ProcessAnalogControlsEv
                0x08001190       0x68 ../../libdaisy/build\libdaisy.a(cso_hardware.o)
                0x08001190                daisy::CsoHardware::ProcessAnalogControls()
 .text._ZN5daisy11CsoHardware22ProcessDigitalControlsEv
                0x080011f8       0x28 ../../libdaisy/build\libdaisy.a(cso_hardware.o)
                0x080011f8                daisy::CsoHardware::ProcessDigitalControls()
 .text._ZN5daisy11CsoHardware9InitKnobsEv
                0x08001220      0x1ac ../../libdaisy/build\libdaisy.a(cso_hardware.o)
                0x08001220                daisy::CsoHardware::InitKnobs()
 .text._ZN5daisy11CsoHardware4InitEb
                0x080013cc      0x158 ../../libdaisy/build\libdaisy.a(cso_hardware.o)
                0x080013cc                daisy::CsoHardware::Init(bool)
 .text._ZN5daisy9DaisySeed9ConfigureEv
                0x08001524       0x3c ../../libdaisy/build\libdaisy.a(daisy_seed.o)
                0x08001524                daisy::DaisySeed::Configure()
 .text._ZN5daisy9DaisySeed6GetPinEh
                0x08001560       0x2c ../../libdaisy/build\libdaisy.a(daisy_seed.o)
                0x08001560                daisy::DaisySeed::GetPin(unsigned char)
 .text._ZN5daisy9DaisySeed10StartAudioEPFvPKfPfjE
                0x0800158c        0x8 ../../libdaisy/build\libdaisy.a(daisy_seed.o)
                0x0800158c                daisy::DaisySeed::StartAudio(void (*)(float const*, float*, unsigned int))
 .text._ZN5daisy9DaisySeed15AudioSampleRateEv
                0x08001594        0x8 ../../libdaisy/build\libdaisy.a(daisy_seed.o)
                0x08001594                daisy::DaisySeed::AudioSampleRate()
 .text._ZN5daisy9DaisySeed17SetAudioBlockSizeEj
                0x0800159c       0x38 ../../libdaisy/build\libdaisy.a(daisy_seed.o)
                0x0800159c                daisy::DaisySeed::SetAudioBlockSize(unsigned int)
 .text._ZNK5daisy9DaisySeed17AudioCallbackRateEv
                0x080015d4        0x8 ../../libdaisy/build\libdaisy.a(daisy_seed.o)
                0x080015d4                daisy::DaisySeed::AudioCallbackRate() const
 .text._ZN5daisy9DaisySeed14ConfigureAudioEv
                0x080015dc       0xd0 ../../libdaisy/build\libdaisy.a(daisy_seed.o)
                0x080015dc                daisy::DaisySeed::ConfigureAudio()
 .text._ZN5daisy9DaisySeed4InitEb
                0x080016ac       0xbc ../../libdaisy/build\libdaisy.a(daisy_seed.o)
                0x080016ac                daisy::DaisySeed::Init(bool)
 .text._ZN5daisy6Ak45564InitE12dsy_gpio_pin
                0x08001768       0x44 ../../libdaisy/build\libdaisy.a(codec_ak4556.o)
                0x08001768                daisy::Ak4556::Init(dsy_gpio_pin)
 .text._ZN5daisy6Wm873120WriteControlRegisterEht
                0x080017ac       0x3c ../../libdaisy/build\libdaisy.a(codec_wm8731.o)
                0x080017ac                daisy::Wm8731::WriteControlRegister(unsigned char, unsigned short)
 .text._ZN5daisy6Wm87314InitERKNS0_6ConfigENS_9I2CHandleE
                0x080017e8      0x1bc ../../libdaisy/build\libdaisy.a(codec_wm8731.o)
                0x080017e8                daisy::Wm8731::Init(daisy::Wm8731::Config const&, daisy::I2CHandle)
 .text._ZN11SdramHandle10DeviceInitEv
                0x080019a4       0x98 ../../libdaisy/build\libdaisy.a(sdram.o)
                0x080019a4                SdramHandle::DeviceInit()
 .text._ZN11SdramHandle4InitEv
                0x08001a3c       0x7c ../../libdaisy/build\libdaisy.a(sdram.o)
                0x08001a3c                SdramHandle::Init()
 .text.HAL_SDRAM_MspInit
                0x08001ab8      0x1a8 ../../libdaisy/build\libdaisy.a(sdram.o)
                0x08001ab8                HAL_SDRAM_MspInit
 .text._ZN5daisy11AudioHandle4Impl16InternalCallbackEPlS2_j
                0x08001c60      0xbbc ../../libdaisy/build\libdaisy.a(audio.o)
                0x08001c60                daisy::AudioHandle::Impl::InternalCallback(long*, long*, unsigned int)
 .text._ZN5daisy11AudioHandle4InitERKNS0_6ConfigENS_9SaiHandleE
                0x0800281c       0x64 ../../libdaisy/build\libdaisy.a(audio.o)
                0x0800281c                daisy::AudioHandle::Init(daisy::AudioHandle::Config const&, daisy::SaiHandle)
 .text._ZNK5daisy11AudioHandle9GetConfigEv
                0x08002880        0x8 ../../libdaisy/build\libdaisy.a(audio.o)
                0x08002880                daisy::AudioHandle::GetConfig() const
 .text._ZN5daisy11AudioHandle12SetBlockSizeEj
                0x08002888       0x1c ../../libdaisy/build\libdaisy.a(audio.o)
                0x08002888                daisy::AudioHandle::SetBlockSize(unsigned int)
 .text._ZN5daisy11AudioHandle13GetSampleRateEv
                0x080028a4        0x8 ../../libdaisy/build\libdaisy.a(audio.o)
                0x080028a4                daisy::AudioHandle::GetSampleRate()
 .text._ZN5daisy11AudioHandle5StartEPFvPKfPfjE
                0x080028ac       0x2c ../../libdaisy/build\libdaisy.a(audio.o)
                0x080028ac                daisy::AudioHandle::Start(void (*)(float const*, float*, unsigned int))
 .text.startup._GLOBAL__sub_I__ZN5daisy11AudioHandle4Impl4InitENS0_6ConfigENS_9SaiHandleE
                0x080028d8       0x10 ../../libdaisy/build\libdaisy.a(audio.o)
 .text._ZN5daisy13AnalogControl4InitEPtfbbf
                0x080028e8       0x3c ../../libdaisy/build\libdaisy.a(ctrl.o)
                0x080028e8                daisy::AnalogControl::Init(unsigned short*, float, bool, bool, float)
 .text._ZN5daisy13AnalogControl7ProcessEv
                0x08002924       0x48 ../../libdaisy/build\libdaisy.a(ctrl.o)
                0x08002924                daisy::AnalogControl::Process()
 .text._ZN5daisy13AnalogControl13SetSampleRateEf
                0x0800296c       0x30 ../../libdaisy/build\libdaisy.a(ctrl.o)
                0x0800296c                daisy::AnalogControl::SetSampleRate(float)
 .text._ZN5daisy6RgbLed8SetColorENS_5ColorE
                0x0800299c       0x2c ../../libdaisy/build\libdaisy.a(rgb_led.o)
                0x0800299c                daisy::RgbLed::SetColor(daisy::Color)
 .text._ZN5daisy6RgbLed6UpdateEv
                0x080029c8       0x1c ../../libdaisy/build\libdaisy.a(rgb_led.o)
                0x080029c8                daisy::RgbLed::Update()
 .text._ZN5daisy6Switch4InitE12dsy_gpio_pinf
                0x080029e4       0x28 ../../libdaisy/build\libdaisy.a(switch.o)
                0x080029e4                daisy::Switch::Init(dsy_gpio_pin, float)
 .text._ZN5daisy6Switch8DebounceEv
                0x08002a0c       0x48 ../../libdaisy/build\libdaisy.a(switch.o)
                0x08002a0c                daisy::Switch::Debounce()
 .text._ZN5daisy16AdcChannelConfig10InitSingleE12dsy_gpio_pin
                0x08002a54       0x1c ../../libdaisy/build\libdaisy.a(adc.o)
                0x08002a54                daisy::AdcChannelConfig::InitSingle(dsy_gpio_pin)
 .text._ZN5daisy9AdcHandle4InitEPNS_16AdcChannelConfigEjNS0_12OverSamplingE
                0x08002a70      0x3c8 ../../libdaisy/build\libdaisy.a(adc.o)
                0x08002a70                daisy::AdcHandle::Init(daisy::AdcChannelConfig*, unsigned int, daisy::AdcHandle::OverSampling)
 .text._ZN5daisy9AdcHandle5StartEv
                0x08002e38       0x2c ../../libdaisy/build\libdaisy.a(adc.o)
                0x08002e38                daisy::AdcHandle::Start()
 .text._ZNK5daisy9AdcHandle6GetPtrEh
                0x08002e64       0x14 ../../libdaisy/build\libdaisy.a(adc.o)
                0x08002e64                daisy::AdcHandle::GetPtr(unsigned char) const
 .text.HAL_ADC_MspInit
                0x08002e78       0x98 ../../libdaisy/build\libdaisy.a(adc.o)
                0x08002e78                HAL_ADC_MspInit
 .text.DMA1_Stream2_IRQHandler
                0x08002f10        0xc ../../libdaisy/build\libdaisy.a(adc.o)
                0x08002f10                DMA1_Stream2_IRQHandler
 .text.HAL_ADC_ConvCpltCallback
                0x08002f1c      0x148 ../../libdaisy/build\libdaisy.a(adc.o)
                0x08002f1c                HAL_ADC_ConvCpltCallback
 .text.HAL_ADC_ErrorCallback
                0x08003064        0x4 ../../libdaisy/build\libdaisy.a(adc.o)
                0x08003064                HAL_ADC_ErrorCallback
 .text.dsy_gpio_init
                0x08003068      0x1b8 ../../libdaisy/build\libdaisy.a(gpio.o)
                0x08003068                dsy_gpio_init
 .text.dsy_gpio_read
                0x08003220       0x1c ../../libdaisy/build\libdaisy.a(gpio.o)
                0x08003220                dsy_gpio_read
 .text.dsy_gpio_write
                0x0800323c       0x24 ../../libdaisy/build\libdaisy.a(gpio.o)
                0x0800323c                dsy_gpio_write
 .text._ZN5daisy9I2CHandle4Impl8InitPinsEv
                0x08003260       0x58 ../../libdaisy/build\libdaisy.a(i2c.o)
                0x08003260                daisy::I2CHandle::Impl::InitPins()
 .text.HAL_I2C_MspInit
                0x080032b8      0x1b4 ../../libdaisy/build\libdaisy.a(i2c.o)
                0x080032b8                HAL_I2C_MspInit
 .text.dsy_i2c_global_init
                0x0800346c       0x78 ../../libdaisy/build\libdaisy.a(i2c.o)
                0x0800346c                dsy_i2c_global_init
 .text.DMA1_Stream6_IRQHandler
                0x080034e4       0x34 ../../libdaisy/build\libdaisy.a(i2c.o)
                0x080034e4                DMA1_Stream6_IRQHandler
 .text.I2C1_EV_IRQHandler
                0x08003518        0xc ../../libdaisy/build\libdaisy.a(i2c.o)
                0x08003518                I2C1_EV_IRQHandler
 .text.I2C2_EV_IRQHandler
                0x08003524        0xc ../../libdaisy/build\libdaisy.a(i2c.o)
                0x08003524                I2C2_EV_IRQHandler
 .text.I2C3_EV_IRQHandler
                0x08003530        0xc ../../libdaisy/build\libdaisy.a(i2c.o)
                0x08003530                I2C3_EV_IRQHandler
 .text._ZN5daisy9I2CHandle4InitERKNS0_6ConfigE
                0x0800353c      0x12c ../../libdaisy/build\libdaisy.a(i2c.o)
                0x0800353c                daisy::I2CHandle::Init(daisy::I2CHandle::Config const&)
 .text._ZN5daisy9I2CHandle16TransmitBlockingEtPhtm
                0x08003668       0x50 ../../libdaisy/build\libdaisy.a(i2c.o)
                0x08003668                daisy::I2CHandle::TransmitBlocking(unsigned short, unsigned char*, unsigned short, unsigned long)
 .text.startup._GLOBAL__sub_I__ZN5daisy9I2CHandle4Impl10GlobalInitEv
                0x080036b8       0x18 ../../libdaisy/build\libdaisy.a(i2c.o)
 .text._ZN5daisy10QSPIHandle4Impl11WriteEnableEv
                0x080036d0       0x8c ../../libdaisy/build\libdaisy.a(qspi.o)
                0x080036d0                daisy::QSPIHandle::Impl::WriteEnable()
 *fill*         0x0800375c        0x4 
 .text._ZN5daisy10QSPIHandle4Impl17DummyCyclesConfigENS0_6Config6DeviceE
                0x08003760      0x118 ../../libdaisy/build\libdaisy.a(qspi.o)
                0x08003760                daisy::QSPIHandle::Impl::DummyCyclesConfig(daisy::QSPIHandle::Config::Device)
 .text._ZN5daisy10QSPIHandle4Impl10QuadEnableEv
                0x08003878      0x158 ../../libdaisy/build\libdaisy.a(qspi.o)
                0x08003878                daisy::QSPIHandle::Impl::QuadEnable()
 .text._ZN5daisy10QSPIHandle4InitERKNS0_6ConfigE
                0x080039d0      0x198 ../../libdaisy/build\libdaisy.a(qspi.o)
                0x080039d0                daisy::QSPIHandle::Init(daisy::QSPIHandle::Config const&)
 .text.HAL_QSPI_MspInit
                0x08003b68      0x11c ../../libdaisy/build\libdaisy.a(qspi.o)
                0x08003b68                HAL_QSPI_MspInit
 .text.HAL_QSPI_MspDeInit
                0x08003c84       0x54 ../../libdaisy/build\libdaisy.a(qspi.o)
                0x08003c84                HAL_QSPI_MspDeInit
 .text.QUADSPI_IRQHandler
                0x08003cd8        0xc ../../libdaisy/build\libdaisy.a(qspi.o)
                0x08003cd8                QUADSPI_IRQHandler
 .text.startup._GLOBAL__sub_I__ZN5daisy10QSPIHandle4Impl4InitERKNS0_6ConfigE
                0x08003ce4       0x28 ../../libdaisy/build\libdaisy.a(qspi.o)
 .text._ZN5daisy9SaiHandle4Impl7InitDmaENS1_15PeripheralBlockE
                0x08003d0c       0xa0 ../../libdaisy/build\libdaisy.a(sai.o)
                0x08003d0c                daisy::SaiHandle::Impl::InitDma(daisy::SaiHandle::Impl::PeripheralBlock)
 .text._ZN5daisy9SaiHandle4Impl8InitPinsEv
                0x08003dac       0xa8 ../../libdaisy/build\libdaisy.a(sai.o)
                0x08003dac                daisy::SaiHandle::Impl::InitPins()
 .text.HAL_SAI_MspInit
                0x08003e54      0x164 ../../libdaisy/build\libdaisy.a(sai.o)
                0x08003e54                HAL_SAI_MspInit
 .text.DMA1_Stream0_IRQHandler
                0x08003fb8        0xc ../../libdaisy/build\libdaisy.a(sai.o)
                0x08003fb8                DMA1_Stream0_IRQHandler
 .text.DMA1_Stream1_IRQHandler
                0x08003fc4        0xc ../../libdaisy/build\libdaisy.a(sai.o)
                0x08003fc4                DMA1_Stream1_IRQHandler
 .text.DMA1_Stream3_IRQHandler
                0x08003fd0        0xc ../../libdaisy/build\libdaisy.a(sai.o)
                0x08003fd0                DMA1_Stream3_IRQHandler
 .text.DMA1_Stream4_IRQHandler
                0x08003fdc        0xc ../../libdaisy/build\libdaisy.a(sai.o)
                0x08003fdc                DMA1_Stream4_IRQHandler
 .text.HAL_SAI_RxHalfCpltCallback
                0x08003fe8       0x78 ../../libdaisy/build\libdaisy.a(sai.o)
                0x08003fe8                HAL_SAI_RxHalfCpltCallback
 .text.HAL_SAI_RxCpltCallback
                0x08004060       0x70 ../../libdaisy/build\libdaisy.a(sai.o)
                0x08004060                HAL_SAI_RxCpltCallback
 .text._ZN5daisy9SaiHandle4InitERKNS0_6ConfigE
                0x080040d0      0x1f0 ../../libdaisy/build\libdaisy.a(sai.o)
                0x080040d0                daisy::SaiHandle::Init(daisy::SaiHandle::Config const&)
 .text._ZNK5daisy9SaiHandle9GetConfigEv
                0x080042c0        0x4 ../../libdaisy/build\libdaisy.a(sai.o)
                0x080042c0                daisy::SaiHandle::GetConfig() const
 .text._ZN5daisy9SaiHandle8StartDmaEPlS1_jPFvS1_S1_jE
                0x080042c4       0xbc ../../libdaisy/build\libdaisy.a(sai.o)
                0x080042c4                daisy::SaiHandle::StartDma(long*, long*, unsigned int, void (*)(long*, long*, unsigned int))
 .text._ZN5daisy9SaiHandle13GetSampleRateEv
                0x08004380       0x24 ../../libdaisy/build\libdaisy.a(sai.o)
                0x08004380                daisy::SaiHandle::GetSampleRate()
 .text._ZNK5daisy9SaiHandle9GetOffsetEv
                0x080043a4        0x8 ../../libdaisy/build\libdaisy.a(sai.o)
                0x080043a4                daisy::SaiHandle::GetOffset() const
 .text._ZN5daisy11UartHandler4Impl8InitPinsEv
                0x080043ac      0x15c ../../libdaisy/build\libdaisy.a(uart.o)
                0x080043ac                daisy::UartHandler::Impl::InitPins()
 .text._ZN5daisy11UartHandler4Impl14UARTRxCompleteEv
                0x08004508       0xfc ../../libdaisy/build\libdaisy.a(uart.o)
                0x08004508                daisy::UartHandler::Impl::UARTRxComplete()
 .text.HAL_UART_ErrorCallback
                0x08004604       0x94 ../../libdaisy/build\libdaisy.a(uart.o)
                0x08004604                HAL_UART_ErrorCallback
 .text.HAL_UART_MspInit
                0x08004698      0x28c ../../libdaisy/build\libdaisy.a(uart.o)
                0x08004698                HAL_UART_MspInit
 .text.USART1_IRQHandler
                0x08004924       0xa8 ../../libdaisy/build\libdaisy.a(uart.o)
                0x08004924                USART1_IRQHandler
 .text.USART2_IRQHandler
                0x080049cc       0xac ../../libdaisy/build\libdaisy.a(uart.o)
                0x080049cc                USART2_IRQHandler
 .text.USART3_IRQHandler
                0x08004a78       0xac ../../libdaisy/build\libdaisy.a(uart.o)
                0x08004a78                USART3_IRQHandler
 .text.UART4_IRQHandler
                0x08004b24       0xac ../../libdaisy/build\libdaisy.a(uart.o)
                0x08004b24                UART4_IRQHandler
 .text.UART5_IRQHandler
                0x08004bd0       0xac ../../libdaisy/build\libdaisy.a(uart.o)
                0x08004bd0                UART5_IRQHandler
 .text.USART6_IRQHandler
                0x08004c7c       0xac ../../libdaisy/build\libdaisy.a(uart.o)
                0x08004c7c                USART6_IRQHandler
 .text.UART7_IRQHandler
                0x08004d28       0xac ../../libdaisy/build\libdaisy.a(uart.o)
                0x08004d28                UART7_IRQHandler
 .text.UART8_IRQHandler
                0x08004dd4       0xac ../../libdaisy/build\libdaisy.a(uart.o)
                0x08004dd4                UART8_IRQHandler
 .text.LPUART1_IRQHandler
                0x08004e80       0xb4 ../../libdaisy/build\libdaisy.a(uart.o)
                0x08004e80                LPUART1_IRQHandler
 .text.DMA1_Stream5_IRQHandler
                0x08004f34        0xc ../../libdaisy/build\libdaisy.a(uart.o)
                0x08004f34                DMA1_Stream5_IRQHandler
 .text._ZN5daisy11UartHandler4InitERKNS0_6ConfigE
                0x08004f40      0x104 ../../libdaisy/build\libdaisy.a(uart.o)
                0x08004f40                daisy::UartHandler::Init(daisy::UartHandler::Config const&)
 .text.startup._GLOBAL__sub_I__Z19MapInstanceToHandleP13USART_TypeDef
                0x08005044      0x140 ../../libdaisy/build\libdaisy.a(uart.o)
 .text._ZN5daisy11TimerHandleD2Ev
                0x08005184        0x4 ../../libdaisy/build\libdaisy.a(system.o)
                0x08005184                daisy::TimerHandle::~TimerHandle()
                0x08005184                daisy::TimerHandle::~TimerHandle()
 .text.SysTick_Handler
                0x08005188       0x10 ../../libdaisy/build\libdaisy.a(system.o)
                0x08005188                SysTick_Handler
 .text.HardFault_Handler
                0x08005198        0x4 ../../libdaisy/build\libdaisy.a(system.o)
                0x08005198                HardFault_Handler
 .text._ZN5daisy6System6GetNowEv
                0x0800519c        0x4 ../../libdaisy/build\libdaisy.a(system.o)
                0x0800519c                daisy::System::GetNow()
 .text._ZN5daisy6System5DelayEm
                0x080051a0        0x4 ../../libdaisy/build\libdaisy.a(system.o)
                0x080051a0                daisy::System::Delay(unsigned long)
 .text._ZN5daisy6System15ConfigureClocksEv
                0x080051a4      0x194 ../../libdaisy/build\libdaisy.a(system.o)
                0x080051a4                daisy::System::ConfigureClocks()
 .text._ZN5daisy6System4InitERKNS0_6ConfigE
                0x08005338      0x12c ../../libdaisy/build\libdaisy.a(system.o)
                0x08005338                daisy::System::Init(daisy::System::Config const&)
 .text._ZN5daisy6System12GetPClk1FreqEv
                0x08005464        0x4 ../../libdaisy/build\libdaisy.a(system.o)
                0x08005464                daisy::System::GetPClk1Freq()
 .text._ZN5daisy6System22GetProgramMemoryRegionEv
                0x08005468       0x78 ../../libdaisy/build\libdaisy.a(system.o)
                0x08005468                daisy::System::GetProgramMemoryRegion()
 .text.startup._GLOBAL__sub_I_SysTick_Handler
                0x080054e0       0x1c ../../libdaisy/build\libdaisy.a(system.o)
 .text._ZN5daisy5Color4InitENS0_11PresetColorE
                0x080054fc       0x20 ../../libdaisy/build\libdaisy.a(color.o)
                0x080054fc                daisy::Color::Init(daisy::Color::PresetColor)
 .text.dsy_hal_map_get_port
                0x0800551c       0x10 ../../libdaisy/build\libdaisy.a(hal_map.o)
                0x0800551c                dsy_hal_map_get_port
 .text.dsy_hal_map_get_pin
                0x0800552c       0x10 ../../libdaisy/build\libdaisy.a(hal_map.o)
                0x0800552c                dsy_hal_map_get_pin
 .text.dsy_hal_map_gpio_clk_enable
                0x0800553c      0x150 ../../libdaisy/build\libdaisy.a(hal_map.o)
                0x0800553c                dsy_hal_map_gpio_clk_enable
 .text.HAL_MspInit
                0x0800568c        0x4 ../../libdaisy/build\libdaisy.a(stm32h7xx_hal.o)
                0x0800568c                HAL_MspInit
 .text.HAL_InitTick
                0x08005690       0x4c ../../libdaisy/build\libdaisy.a(stm32h7xx_hal.o)
                0x08005690                HAL_InitTick
 .text.HAL_Init
                0x080056dc       0x60 ../../libdaisy/build\libdaisy.a(stm32h7xx_hal.o)
                0x080056dc                HAL_Init
 .text.HAL_IncTick
                0x0800573c       0x18 ../../libdaisy/build\libdaisy.a(stm32h7xx_hal.o)
                0x0800573c                HAL_IncTick
 .text.HAL_GetTick
                0x08005754        0xc ../../libdaisy/build\libdaisy.a(stm32h7xx_hal.o)
                0x08005754                HAL_GetTick
 .text.HAL_Delay
                0x08005760       0x24 ../../libdaisy/build\libdaisy.a(stm32h7xx_hal.o)
                0x08005760                HAL_Delay
 .text.HAL_GetREVID
                0x08005784        0xc ../../libdaisy/build\libdaisy.a(stm32h7xx_hal.o)
                0x08005784                HAL_GetREVID
 .text.HAL_ADC_ConvHalfCpltCallback
                0x08005790        0x4 ../../libdaisy/build\libdaisy.a(stm32h7xx_hal_adc.o)
                0x08005790                HAL_ADC_ConvHalfCpltCallback
 .text.ADC_DMAHalfConvCplt
                0x08005794        0xc ../../libdaisy/build\libdaisy.a(stm32h7xx_hal_adc.o)
                0x08005794                ADC_DMAHalfConvCplt
 .text.ADC_DMAConvCplt
                0x080057a0       0x6c ../../libdaisy/build\libdaisy.a(stm32h7xx_hal_adc.o)
                0x080057a0                ADC_DMAConvCplt
 .text.ADC_DMAError
                0x0800580c       0x1c ../../libdaisy/build\libdaisy.a(stm32h7xx_hal_adc.o)
                0x0800580c                ADC_DMAError
 .text.HAL_ADC_ConfigChannel
                0x08005828      0x3fc ../../libdaisy/build\libdaisy.a(stm32h7xx_hal_adc.o)
                0x08005828                HAL_ADC_ConfigChannel
 .text.ADC_Enable
                0x08005c24       0xac ../../libdaisy/build\libdaisy.a(stm32h7xx_hal_adc.o)
                0x08005c24                ADC_Enable
 .text.HAL_ADC_Start_DMA
                0x08005cd0      0x114 ../../libdaisy/build\libdaisy.a(stm32h7xx_hal_adc.o)
                0x08005cd0                HAL_ADC_Start_DMA
 .text.ADC_Disable
                0x08005de4       0x68 ../../libdaisy/build\libdaisy.a(stm32h7xx_hal_adc.o)
                0x08005de4                ADC_Disable
 .text.ADC_ConfigureBoostMode
                0x08005e4c      0x184 ../../libdaisy/build\libdaisy.a(stm32h7xx_hal_adc.o)
                0x08005e4c                ADC_ConfigureBoostMode
 .text.HAL_ADC_Init
                0x08005fd0      0x218 ../../libdaisy/build\libdaisy.a(stm32h7xx_hal_adc.o)
                0x08005fd0                HAL_ADC_Init
 .text.HAL_ADCEx_Calibration_Start
                0x080061e8       0xa4 ../../libdaisy/build\libdaisy.a(stm32h7xx_hal_adc_ex.o)
                0x080061e8                HAL_ADCEx_Calibration_Start
 .text.HAL_ADCEx_MultiModeConfigChannel
                0x0800628c       0xc4 ../../libdaisy/build\libdaisy.a(stm32h7xx_hal_adc_ex.o)
                0x0800628c                HAL_ADCEx_MultiModeConfigChannel
 .text.HAL_NVIC_SetPriorityGrouping
                0x08006350       0x24 ../../libdaisy/build\libdaisy.a(stm32h7xx_hal_cortex.o)
                0x08006350                HAL_NVIC_SetPriorityGrouping
 .text.HAL_NVIC_SetPriority
                0x08006374       0x7c ../../libdaisy/build\libdaisy.a(stm32h7xx_hal_cortex.o)
                0x08006374                HAL_NVIC_SetPriority
 .text.HAL_NVIC_EnableIRQ
                0x080063f0       0x1c ../../libdaisy/build\libdaisy.a(stm32h7xx_hal_cortex.o)
                0x080063f0                HAL_NVIC_EnableIRQ
 .text.HAL_NVIC_DisableIRQ
                0x0800640c       0x28 ../../libdaisy/build\libdaisy.a(stm32h7xx_hal_cortex.o)
                0x0800640c                HAL_NVIC_DisableIRQ
 .text.HAL_SYSTICK_Config
                0x08006434       0x2c ../../libdaisy/build\libdaisy.a(stm32h7xx_hal_cortex.o)
                0x08006434                HAL_SYSTICK_Config
 .text.HAL_MPU_Disable
                0x08006460       0x1c ../../libdaisy/build\libdaisy.a(stm32h7xx_hal_cortex.o)
                0x08006460                HAL_MPU_Disable
 .text.HAL_MPU_Enable
                0x0800647c       0x20 ../../libdaisy/build\libdaisy.a(stm32h7xx_hal_cortex.o)
                0x0800647c                HAL_MPU_Enable
 .text.HAL_MPU_ConfigRegion
                0x0800649c       0x64 ../../libdaisy/build\libdaisy.a(stm32h7xx_hal_cortex.o)
                0x0800649c                HAL_MPU_ConfigRegion
 .text.HAL_SYSTICK_Callback
                0x08006500        0x4 ../../libdaisy/build\libdaisy.a(stm32h7xx_hal_cortex.o)
                0x08006500                HAL_SYSTICK_Callback
 .text.HAL_SYSTICK_IRQHandler
                0x08006504        0x8 ../../libdaisy/build\libdaisy.a(stm32h7xx_hal_cortex.o)
                0x08006504                HAL_SYSTICK_IRQHandler
 .text.DMA_CalcBaseAndBitshift
                0x0800650c       0xf4 ../../libdaisy/build\libdaisy.a(stm32h7xx_hal_dma.o)
 .text.DMA_CalcDMAMUXChannelBaseAndMask
                0x08006600       0xd8 ../../libdaisy/build\libdaisy.a(stm32h7xx_hal_dma.o)
 .text.HAL_DMA_Init
                0x080066d8      0x37c ../../libdaisy/build\libdaisy.a(stm32h7xx_hal_dma.o)
                0x080066d8                HAL_DMA_Init
 .text.HAL_DMA_Start_IT
                0x08006a54      0x240 ../../libdaisy/build\libdaisy.a(stm32h7xx_hal_dma.o)
                0x08006a54                HAL_DMA_Start_IT
 .text.HAL_DMA_Abort_IT
                0x08006c94      0x134 ../../libdaisy/build\libdaisy.a(stm32h7xx_hal_dma.o)
                0x08006c94                HAL_DMA_Abort_IT
 .text.HAL_DMA_IRQHandler
                0x08006dc8      0x6a0 ../../libdaisy/build\libdaisy.a(stm32h7xx_hal_dma.o)
                0x08006dc8                HAL_DMA_IRQHandler
 .text.HAL_DMA_GetError
                0x08007468        0x4 ../../libdaisy/build\libdaisy.a(stm32h7xx_hal_dma.o)
                0x08007468                HAL_DMA_GetError
 .text.HAL_GPIO_Init
                0x0800746c      0x280 ../../libdaisy/build\libdaisy.a(stm32h7xx_hal_gpio.o)
                0x0800746c                HAL_GPIO_Init
 .text.HAL_GPIO_DeInit
                0x080076ec      0x190 ../../libdaisy/build\libdaisy.a(stm32h7xx_hal_gpio.o)
                0x080076ec                HAL_GPIO_DeInit
 .text.HAL_GPIO_ReadPin
                0x0800787c        0xc ../../libdaisy/build\libdaisy.a(stm32h7xx_hal_gpio.o)
                0x0800787c                HAL_GPIO_ReadPin
 .text.HAL_GPIO_WritePin
                0x08007888        0x8 ../../libdaisy/build\libdaisy.a(stm32h7xx_hal_gpio.o)
                0x08007888                HAL_GPIO_WritePin
 .text.I2C_WaitOnTXISFlagUntilTimeout
                0x08007890       0xb8 ../../libdaisy/build\libdaisy.a(stm32h7xx_hal_i2c.o)
 .text.I2C_WaitOnSTOPFlagUntilTimeout
                0x08007948       0xac ../../libdaisy/build\libdaisy.a(stm32h7xx_hal_i2c.o)
 .text.HAL_I2C_Init
                0x080079f4       0xac ../../libdaisy/build\libdaisy.a(stm32h7xx_hal_i2c.o)
                0x080079f4                HAL_I2C_Init
 .text.HAL_I2C_Master_Transmit
                0x08007aa0      0x1a8 ../../libdaisy/build\libdaisy.a(stm32h7xx_hal_i2c.o)
                0x08007aa0                HAL_I2C_Master_Transmit
 .text.HAL_I2C_Slave_Transmit
                0x08007c48      0x1c8 ../../libdaisy/build\libdaisy.a(stm32h7xx_hal_i2c.o)
                0x08007c48                HAL_I2C_Slave_Transmit
 .text.HAL_I2C_EV_IRQHandler
                0x08007e10       0x10 ../../libdaisy/build\libdaisy.a(stm32h7xx_hal_i2c.o)
                0x08007e10                HAL_I2C_EV_IRQHandler
 .text.HAL_I2C_GetState
                0x08007e20        0x8 ../../libdaisy/build\libdaisy.a(stm32h7xx_hal_i2c.o)
                0x08007e20                HAL_I2C_GetState
 .text.HAL_I2CEx_ConfigAnalogFilter
                0x08007e28       0x54 ../../libdaisy/build\libdaisy.a(stm32h7xx_hal_i2c_ex.o)
                0x08007e28                HAL_I2CEx_ConfigAnalogFilter
 .text.HAL_I2CEx_ConfigDigitalFilter
                0x08007e7c       0x58 ../../libdaisy/build\libdaisy.a(stm32h7xx_hal_i2c_ex.o)
                0x08007e7c                HAL_I2CEx_ConfigDigitalFilter
 .text.HAL_PWREx_ConfigSupply
                0x08007ed4       0x4c ../../libdaisy/build\libdaisy.a(stm32h7xx_hal_pwr_ex.o)
                0x08007ed4                HAL_PWREx_ConfigSupply
 .text.HAL_PWREx_EnableUSBVoltageDetector
                0x08007f20       0x10 ../../libdaisy/build\libdaisy.a(stm32h7xx_hal_pwr_ex.o)
                0x08007f20                HAL_PWREx_EnableUSBVoltageDetector
 .text.QSPI_Config
                0x08007f30      0x174 ../../libdaisy/build\libdaisy.a(stm32h7xx_hal_qspi.o)
 .text.HAL_QSPI_Init
                0x080080a4       0xd8 ../../libdaisy/build\libdaisy.a(stm32h7xx_hal_qspi.o)
                0x080080a4                HAL_QSPI_Init
 .text.HAL_QSPI_DeInit
                0x0800817c       0x3c ../../libdaisy/build\libdaisy.a(stm32h7xx_hal_qspi.o)
                0x0800817c                HAL_QSPI_DeInit
 .text.HAL_QSPI_Command
                0x080081b8       0xd4 ../../libdaisy/build\libdaisy.a(stm32h7xx_hal_qspi.o)
                0x080081b8                HAL_QSPI_Command
 .text.HAL_QSPI_Transmit
                0x0800828c       0xfc ../../libdaisy/build\libdaisy.a(stm32h7xx_hal_qspi.o)
                0x0800828c                HAL_QSPI_Transmit
 .text.HAL_QSPI_Receive
                0x08008388      0x108 ../../libdaisy/build\libdaisy.a(stm32h7xx_hal_qspi.o)
                0x08008388                HAL_QSPI_Receive
 .text.HAL_QSPI_AutoPolling
                0x08008490       0xf0 ../../libdaisy/build\libdaisy.a(stm32h7xx_hal_qspi.o)
                0x08008490                HAL_QSPI_AutoPolling
 .text.HAL_QSPI_MemoryMapped
                0x08008580       0xc0 ../../libdaisy/build\libdaisy.a(stm32h7xx_hal_qspi.o)
                0x08008580                HAL_QSPI_MemoryMapped
 .text.HAL_QSPI_ErrorCallback
                0x08008640        0x4 ../../libdaisy/build\libdaisy.a(stm32h7xx_hal_qspi.o)
                0x08008640                HAL_QSPI_ErrorCallback
 .text.QSPI_DMAAbortCplt
                0x08008644       0x38 ../../libdaisy/build\libdaisy.a(stm32h7xx_hal_qspi.o)
 .text.HAL_QSPI_AbortCpltCallback
                0x0800867c        0x4 ../../libdaisy/build\libdaisy.a(stm32h7xx_hal_qspi.o)
                0x0800867c                HAL_QSPI_AbortCpltCallback
 .text.HAL_QSPI_CmdCpltCallback
                0x08008680        0x4 ../../libdaisy/build\libdaisy.a(stm32h7xx_hal_qspi.o)
                0x08008680                HAL_QSPI_CmdCpltCallback
 .text.HAL_QSPI_RxCpltCallback
                0x08008684        0x4 ../../libdaisy/build\libdaisy.a(stm32h7xx_hal_qspi.o)
                0x08008684                HAL_QSPI_RxCpltCallback
 .text.HAL_QSPI_TxCpltCallback
                0x08008688        0x4 ../../libdaisy/build\libdaisy.a(stm32h7xx_hal_qspi.o)
                0x08008688                HAL_QSPI_TxCpltCallback
 .text.HAL_QSPI_FifoThresholdCallback
                0x0800868c        0x4 ../../libdaisy/build\libdaisy.a(stm32h7xx_hal_qspi.o)
                0x0800868c                HAL_QSPI_FifoThresholdCallback
 .text.HAL_QSPI_StatusMatchCallback
                0x08008690        0x4 ../../libdaisy/build\libdaisy.a(stm32h7xx_hal_qspi.o)
                0x08008690                HAL_QSPI_StatusMatchCallback
 .text.HAL_QSPI_TimeOutCallback
                0x08008694        0x4 ../../libdaisy/build\libdaisy.a(stm32h7xx_hal_qspi.o)
                0x08008694                HAL_QSPI_TimeOutCallback
 .text.HAL_QSPI_IRQHandler
                0x08008698      0x210 ../../libdaisy/build\libdaisy.a(stm32h7xx_hal_qspi.o)
                0x08008698                HAL_QSPI_IRQHandler
 .text.HAL_RCC_OscConfig
                0x080088a8      0x51c ../../libdaisy/build\libdaisy.a(stm32h7xx_hal_rcc.o)
                0x080088a8                HAL_RCC_OscConfig
 .text.HAL_RCC_GetSysClockFreq
                0x08008dc4      0x140 ../../libdaisy/build\libdaisy.a(stm32h7xx_hal_rcc.o)
                0x08008dc4                HAL_RCC_GetSysClockFreq
 .text.HAL_RCC_ClockConfig
                0x08008f04      0x234 ../../libdaisy/build\libdaisy.a(stm32h7xx_hal_rcc.o)
                0x08008f04                HAL_RCC_ClockConfig
 .text.HAL_RCC_GetHCLKFreq
                0x08009138       0x2c ../../libdaisy/build\libdaisy.a(stm32h7xx_hal_rcc.o)
                0x08009138                HAL_RCC_GetHCLKFreq
 .text.HAL_RCC_GetPCLK1Freq
                0x08009164       0x38 ../../libdaisy/build\libdaisy.a(stm32h7xx_hal_rcc.o)
                0x08009164                HAL_RCC_GetPCLK1Freq
 .text.HAL_RCC_GetPCLK2Freq
                0x0800919c       0x38 ../../libdaisy/build\libdaisy.a(stm32h7xx_hal_rcc.o)
                0x0800919c                HAL_RCC_GetPCLK2Freq
 .text.RCCEx_PLL2_Config
                0x080091d4       0xf4 ../../libdaisy/build\libdaisy.a(stm32h7xx_hal_rcc_ex.o)
 .text.RCCEx_PLL3_Config
                0x080092c8       0xf4 ../../libdaisy/build\libdaisy.a(stm32h7xx_hal_rcc_ex.o)
 .text.HAL_RCCEx_PeriphCLKConfig
                0x080093bc      0xa7c ../../libdaisy/build\libdaisy.a(stm32h7xx_hal_rcc_ex.o)
                0x080093bc                HAL_RCCEx_PeriphCLKConfig
 .text.HAL_RCCEx_GetD3PCLK1Freq
                0x08009e38       0x24 ../../libdaisy/build\libdaisy.a(stm32h7xx_hal_rcc_ex.o)
                0x08009e38                HAL_RCCEx_GetD3PCLK1Freq
 .text.HAL_RCCEx_GetPLL2ClockFreq
                0x08009e5c      0x17c ../../libdaisy/build\libdaisy.a(stm32h7xx_hal_rcc_ex.o)
                0x08009e5c                HAL_RCCEx_GetPLL2ClockFreq
 .text.HAL_RCCEx_GetPLL3ClockFreq
                0x08009fd8      0x17c ../../libdaisy/build\libdaisy.a(stm32h7xx_hal_rcc_ex.o)
                0x08009fd8                HAL_RCCEx_GetPLL3ClockFreq
 .text.HAL_RCCEx_GetPLL1ClockFreq
                0x0800a154      0x17c ../../libdaisy/build\libdaisy.a(stm32h7xx_hal_rcc_ex.o)
                0x0800a154                HAL_RCCEx_GetPLL1ClockFreq
 .text.HAL_RCCEx_GetPeriphCLKFreq
                0x0800a2d0      0x198 ../../libdaisy/build\libdaisy.a(stm32h7xx_hal_rcc_ex.o)
                0x0800a2d0                HAL_RCCEx_GetPeriphCLKFreq
 .text.HAL_RCCEx_GetD1SysClockFreq
                0x0800a468       0x2c ../../libdaisy/build\libdaisy.a(stm32h7xx_hal_rcc_ex.o)
                0x0800a468                HAL_RCCEx_GetD1SysClockFreq
 .text.HAL_SAI_Init.part.0
                0x0800a494      0x348 ../../libdaisy/build\libdaisy.a(stm32h7xx_hal_sai.o)
 .text.HAL_SAI_InitProtocol
                0x0800a7dc      0x178 ../../libdaisy/build\libdaisy.a(stm32h7xx_hal_sai.o)
                0x0800a7dc                HAL_SAI_InitProtocol
 .text.HAL_SAI_Transmit_DMA
                0x0800a954      0x124 ../../libdaisy/build\libdaisy.a(stm32h7xx_hal_sai.o)
                0x0800a954                HAL_SAI_Transmit_DMA
 .text.HAL_SAI_Receive_DMA
                0x0800aa78       0xd0 ../../libdaisy/build\libdaisy.a(stm32h7xx_hal_sai.o)
                0x0800aa78                HAL_SAI_Receive_DMA
 .text.HAL_SAI_TxCpltCallback
                0x0800ab48        0x4 ../../libdaisy/build\libdaisy.a(stm32h7xx_hal_sai.o)
                0x0800ab48                HAL_SAI_TxCpltCallback
 .text.SAI_DMATxCplt
                0x0800ab4c       0x64 ../../libdaisy/build\libdaisy.a(stm32h7xx_hal_sai.o)
 .text.HAL_SAI_TxHalfCpltCallback
                0x0800abb0        0x4 ../../libdaisy/build\libdaisy.a(stm32h7xx_hal_sai.o)
                0x0800abb0                HAL_SAI_TxHalfCpltCallback
 .text.SAI_DMATxHalfCplt
                0x0800abb4        0xc ../../libdaisy/build\libdaisy.a(stm32h7xx_hal_sai.o)
 .text.SAI_DMARxCplt
                0x0800abc0       0x64 ../../libdaisy/build\libdaisy.a(stm32h7xx_hal_sai.o)
 .text.SAI_DMARxHalfCplt
                0x0800ac24        0xc ../../libdaisy/build\libdaisy.a(stm32h7xx_hal_sai.o)
 .text.HAL_SAI_ErrorCallback
                0x0800ac30        0x4 ../../libdaisy/build\libdaisy.a(stm32h7xx_hal_sai.o)
                0x0800ac30                HAL_SAI_ErrorCallback
 .text.SAI_DMAError
                0x0800ac34       0x6c ../../libdaisy/build\libdaisy.a(stm32h7xx_hal_sai.o)
 .text.HAL_SDRAM_Init
                0x0800aca0       0x54 ../../libdaisy/build\libdaisy.a(stm32h7xx_hal_sdram.o)
                0x0800aca0                HAL_SDRAM_Init
 .text.HAL_SDRAM_SendCommand
                0x0800acf4       0x40 ../../libdaisy/build\libdaisy.a(stm32h7xx_hal_sdram.o)
                0x0800acf4                HAL_SDRAM_SendCommand
 .text.HAL_SDRAM_ProgramRefreshRate
                0x0800ad34       0x30 ../../libdaisy/build\libdaisy.a(stm32h7xx_hal_sdram.o)
                0x0800ad34                HAL_SDRAM_ProgramRefreshRate
 .text.HAL_UART_TxCpltCallback
                0x0800ad64        0x4 ../../libdaisy/build\libdaisy.a(stm32h7xx_hal_uart.o)
                0x0800ad64                HAL_UART_TxCpltCallback
 .text.HAL_UART_IRQHandler
                0x0800ad68      0x1d0 ../../libdaisy/build\libdaisy.a(stm32h7xx_hal_uart.o)
                0x0800ad68                HAL_UART_IRQHandler
 .text.UART_DMAAbortOnError
                0x0800af38       0x14 ../../libdaisy/build\libdaisy.a(stm32h7xx_hal_uart.o)
 .text.UART_SetConfig
                0x0800af4c     0x14b8 ../../libdaisy/build\libdaisy.a(stm32h7xx_hal_uart.o)
                0x0800af4c                UART_SetConfig
 .text.UART_AdvFeatureConfig
                0x0800c404       0xb0 ../../libdaisy/build\libdaisy.a(stm32h7xx_hal_uart.o)
                0x0800c404                UART_AdvFeatureConfig
 .text.UART_CheckIdleState
                0x0800c4b4       0x84 ../../libdaisy/build\libdaisy.a(stm32h7xx_hal_uart.o)
                0x0800c4b4                UART_CheckIdleState
 .text.HAL_UART_Init
                0x0800c538       0x68 ../../libdaisy/build\libdaisy.a(stm32h7xx_hal_uart.o)
                0x0800c538                HAL_UART_Init
 .text.HAL_UARTEx_WakeupCallback
                0x0800c5a0        0x4 ../../libdaisy/build\libdaisy.a(stm32h7xx_hal_uart_ex.o)
                0x0800c5a0                HAL_UARTEx_WakeupCallback
 .text.HAL_UARTEx_RxFifoFullCallback
                0x0800c5a4        0x4 ../../libdaisy/build\libdaisy.a(stm32h7xx_hal_uart_ex.o)
                0x0800c5a4                HAL_UARTEx_RxFifoFullCallback
 .text.HAL_UARTEx_TxFifoEmptyCallback
                0x0800c5a8        0x4 ../../libdaisy/build\libdaisy.a(stm32h7xx_hal_uart_ex.o)
                0x0800c5a8                HAL_UARTEx_TxFifoEmptyCallback
 .text.HAL_UARTEx_DisableFifoMode
                0x0800c5ac       0x3c ../../libdaisy/build\libdaisy.a(stm32h7xx_hal_uart_ex.o)
                0x0800c5ac                HAL_UARTEx_DisableFifoMode
 .text.HAL_UARTEx_SetTxFifoThreshold
                0x0800c5e8       0x9c ../../libdaisy/build\libdaisy.a(stm32h7xx_hal_uart_ex.o)
                0x0800c5e8                HAL_UARTEx_SetTxFifoThreshold
 .text.HAL_UARTEx_SetRxFifoThreshold
                0x0800c684       0x9c ../../libdaisy/build\libdaisy.a(stm32h7xx_hal_uart_ex.o)
                0x0800c684                HAL_UARTEx_SetRxFifoThreshold
 .text.FMC_SDRAM_Init
                0x0800c720       0x7c ../../libdaisy/build\libdaisy.a(stm32h7xx_ll_fmc.o)
                0x0800c720                FMC_SDRAM_Init
 .text.FMC_SDRAM_Timing_Init
                0x0800c79c       0x98 ../../libdaisy/build\libdaisy.a(stm32h7xx_ll_fmc.o)
                0x0800c79c                FMC_SDRAM_Timing_Init
 .text.FMC_SDRAM_SendCommand
                0x0800c834       0x28 ../../libdaisy/build\libdaisy.a(stm32h7xx_ll_fmc.o)
                0x0800c834                FMC_SDRAM_SendCommand
 .text.FMC_SDRAM_ProgramRefreshRate
                0x0800c85c       0x1c ../../libdaisy/build\libdaisy.a(stm32h7xx_ll_fmc.o)
                0x0800c85c                FMC_SDRAM_ProgramRefreshRate
 .text._ZN5daisy3Led3SetEf
                0x0800c878       0x24 ../../libdaisy/build\libdaisy.a(led.o)
                0x0800c878                daisy::Led::Set(float)
 .text._ZN5daisy3Led6UpdateEv
                0x0800c89c       0x48 ../../libdaisy/build\libdaisy.a(led.o)
                0x0800c89c                daisy::Led::Update()
 .text._ZN5daisy6Random4InitEv
                0x0800c8e4       0x3c ../../libdaisy/build\libdaisy.a(rng.o)
                0x0800c8e4                daisy::Random::Init()
 .text._ZN5daisy9SpiHandle4Impl10StartDmaTxEPhjPFvPvNS0_6ResultEES3_
                0x0800c920       0xfc ../../libdaisy/build\libdaisy.a(spi.o)
                0x0800c920                daisy::SpiHandle::Impl::StartDmaTx(unsigned char*, unsigned int, void (*)(void*, daisy::SpiHandle::Result), void*)
 .text._ZN5daisy9SpiHandle4Impl10StartDmaRxEPhjPFvPvNS0_6ResultEES3_
                0x0800ca1c       0xfc ../../libdaisy/build\libdaisy.a(spi.o)
                0x0800ca1c                daisy::SpiHandle::Impl::StartDmaRx(unsigned char*, unsigned int, void (*)(void*, daisy::SpiHandle::Result), void*)
 .text._ZN5daisy9SpiHandle4Impl8InitPinsEv
                0x0800cb18      0x274 ../../libdaisy/build\libdaisy.a(spi.o)
                0x0800cb18                daisy::SpiHandle::Impl::InitPins()
 .text.HAL_SPI_MspInit
                0x0800cd8c      0x1a8 ../../libdaisy/build\libdaisy.a(spi.o)
                0x0800cd8c                HAL_SPI_MspInit
 .text.dsy_spi_global_init
                0x0800cf34       0x6c ../../libdaisy/build\libdaisy.a(spi.o)
                0x0800cf34                dsy_spi_global_init
 .text.SPI1_IRQHandler
                0x0800cfa0        0xc ../../libdaisy/build\libdaisy.a(spi.o)
                0x0800cfa0                SPI1_IRQHandler
 .text.DMA1_Stream7_IRQHandler
                0x0800cfac       0x34 ../../libdaisy/build\libdaisy.a(spi.o)
                0x0800cfac                DMA1_Stream7_IRQHandler
 .text.HAL_SPI_TxCpltCallback
                0x0800cfe0       0x90 ../../libdaisy/build\libdaisy.a(spi.o)
                0x0800cfe0                HAL_SPI_TxCpltCallback
 .text.HAL_SPI_RxCpltCallback
                0x0800d070       0x90 ../../libdaisy/build\libdaisy.a(spi.o)
                0x0800d070                HAL_SPI_RxCpltCallback
 .text.HAL_SPI_ErrorCallback
                0x0800d100       0x94 ../../libdaisy/build\libdaisy.a(spi.o)
                0x0800d100                HAL_SPI_ErrorCallback
 .text.startup._GLOBAL__sub_I__Z19MapInstanceToHandleP11SPI_TypeDef
                0x0800d194      0x168 ../../libdaisy/build\libdaisy.a(spi.o)
 .text.HAL_TIM_Base_MspInit
                0x0800d2fc       0xcc ../../libdaisy/build\libdaisy.a(tim.o)
                0x0800d2fc                HAL_TIM_Base_MspInit
 .text._ZN5daisy11TimerHandle4InitERKNS0_6ConfigE
                0x0800d3c8       0xc4 ../../libdaisy/build\libdaisy.a(tim.o)
                0x0800d3c8                daisy::TimerHandle::Init(daisy::TimerHandle::Config const&)
 .text._ZN5daisy11TimerHandle5StartEv
                0x0800d48c       0x14 ../../libdaisy/build\libdaisy.a(tim.o)
                0x0800d48c                daisy::TimerHandle::Start()
 .text.dsy_dma_init
                0x0800d4a0       0xe0 ../../libdaisy/build\libdaisy.a(dma.o)
                0x0800d4a0                dsy_dma_init
 .text.HAL_MDMA_Abort_IT
                0x0800d580       0x2c ../../libdaisy/build\libdaisy.a(stm32h7xx_hal_mdma.o)
                0x0800d580                HAL_MDMA_Abort_IT
 .text.SPI_CloseTransfer
                0x0800d5ac       0xb8 ../../libdaisy/build\libdaisy.a(stm32h7xx_hal_spi.o)
 .text.HAL_SPI_Init
                0x0800d664      0x15c ../../libdaisy/build\libdaisy.a(stm32h7xx_hal_spi.o)
                0x0800d664                HAL_SPI_Init
 .text.HAL_SPI_Transmit_DMA
                0x0800d7c0      0x170 ../../libdaisy/build\libdaisy.a(stm32h7xx_hal_spi.o)
                0x0800d7c0                HAL_SPI_Transmit_DMA
 .text.HAL_SPI_TransmitReceive_DMA
                0x0800d930      0x218 ../../libdaisy/build\libdaisy.a(stm32h7xx_hal_spi.o)
                0x0800d930                HAL_SPI_TransmitReceive_DMA
 .text.HAL_SPI_Receive_DMA
                0x0800db48      0x1b4 ../../libdaisy/build\libdaisy.a(stm32h7xx_hal_spi.o)
                0x0800db48                HAL_SPI_Receive_DMA
 .text.SPI_DMATransmitCplt
                0x0800dcfc       0x28 ../../libdaisy/build\libdaisy.a(stm32h7xx_hal_spi.o)
 .text.SPI_DMAReceiveCplt
                0x0800dd24       0x28 ../../libdaisy/build\libdaisy.a(stm32h7xx_hal_spi.o)
 .text.HAL_SPI_TxRxCpltCallback
                0x0800dd4c        0x4 ../../libdaisy/build\libdaisy.a(stm32h7xx_hal_spi.o)
                0x0800dd4c                HAL_SPI_TxRxCpltCallback
 .text.SPI_DMATransmitReceiveCplt
                0x0800dd50       0x28 ../../libdaisy/build\libdaisy.a(stm32h7xx_hal_spi.o)
 .text.HAL_SPI_TxHalfCpltCallback
                0x0800dd78        0x4 ../../libdaisy/build\libdaisy.a(stm32h7xx_hal_spi.o)
                0x0800dd78                HAL_SPI_TxHalfCpltCallback
 .text.SPI_DMAHalfTransmitCplt
                0x0800dd7c        0xc ../../libdaisy/build\libdaisy.a(stm32h7xx_hal_spi.o)
 .text.HAL_SPI_RxHalfCpltCallback
                0x0800dd88        0x4 ../../libdaisy/build\libdaisy.a(stm32h7xx_hal_spi.o)
                0x0800dd88                HAL_SPI_RxHalfCpltCallback
 .text.SPI_DMAHalfReceiveCplt
                0x0800dd8c        0xc ../../libdaisy/build\libdaisy.a(stm32h7xx_hal_spi.o)
 .text.HAL_SPI_TxRxHalfCpltCallback
                0x0800dd98        0x4 ../../libdaisy/build\libdaisy.a(stm32h7xx_hal_spi.o)
                0x0800dd98                HAL_SPI_TxRxHalfCpltCallback
 .text.SPI_DMAHalfTransmitReceiveCplt
                0x0800dd9c        0xc ../../libdaisy/build\libdaisy.a(stm32h7xx_hal_spi.o)
 .text.SPI_DMAError
                0x0800dda8       0xd8 ../../libdaisy/build\libdaisy.a(stm32h7xx_hal_spi.o)
 .text.HAL_SPI_IRQHandler
                0x0800de80      0x23c ../../libdaisy/build\libdaisy.a(stm32h7xx_hal_spi.o)
                0x0800de80                HAL_SPI_IRQHandler
 .text.SPI_DMAAbortOnError
                0x0800e0bc       0x1c ../../libdaisy/build\libdaisy.a(stm32h7xx_hal_spi.o)
 .text.HAL_SPI_GetState
                0x0800e0d8        0x8 ../../libdaisy/build\libdaisy.a(stm32h7xx_hal_spi.o)
                0x0800e0d8                HAL_SPI_GetState
 .text.HAL_TIM_Base_Init
                0x0800e0e0      0x140 ../../libdaisy/build\libdaisy.a(stm32h7xx_hal_tim.o)
                0x0800e0e0                HAL_TIM_Base_Init
 .text.HAL_TIM_Base_Start
                0x0800e220       0x34 ../../libdaisy/build\libdaisy.a(stm32h7xx_hal_tim.o)
                0x0800e220                HAL_TIM_Base_Start
 .text.HAL_TIM_ConfigClockSource
                0x0800e254      0x17c ../../libdaisy/build\libdaisy.a(stm32h7xx_hal_tim.o)
                0x0800e254                HAL_TIM_ConfigClockSource
 .text.HAL_TIMEx_MasterConfigSynchronization
                0x0800e3d0       0x64 ../../libdaisy/build\libdaisy.a(stm32h7xx_hal_tim_ex.o)
                0x0800e3d0                HAL_TIMEx_MasterConfigSynchronization
 .text._ZN7daisysp3Cso7ProcessEv
                0x0800e434      0x14c ../../DaisySP/build\libdaisysp.a(cso.o)
                0x0800e434                daisysp::Cso::Process()
 .text._ZN7daisysp3Cso12CalcPhaseIncEf
                0x0800e580       0x18 ../../DaisySP/build\libdaisysp.a(cso.o)
                0x0800e580                daisysp::Cso::CalcPhaseInc(float)
 .text.__aeabi_atexit
                0x0800e598        0xa c:/users/ashgr/downloads/daisytoolchain-0.3.1/windows/bin/../lib/gcc/arm-none-eabi/10.2.1/../../../../arm-none-eabi/lib/thumb/v7e-m+dp/hard\libstdc++_nano.a(atexit_arm.o)
                0x0800e598                __aeabi_atexit
 *fill*         0x0800e5a2        0x6 
 .text.cosf     0x0800e5a8      0x1bc c:/users/ashgr/downloads/daisytoolchain-0.3.1/windows/bin/../lib/gcc/arm-none-eabi/10.2.1/../../../../arm-none-eabi/lib/thumb/v7e-m+dp/hard\libm.a(lib_a-cosf.o)
                0x0800e5a8                cosf
 .text.with_errnof
                0x0800e764       0x18 c:/users/ashgr/downloads/daisytoolchain-0.3.1/windows/bin/../lib/gcc/arm-none-eabi/10.2.1/../../../../arm-none-eabi/lib/thumb/v7e-m+dp/hard\libm.a(lib_a-math_errf.o)
 .text.xflowf   0x0800e77c       0x20 c:/users/ashgr/downloads/daisytoolchain-0.3.1/windows/bin/../lib/gcc/arm-none-eabi/10.2.1/../../../../arm-none-eabi/lib/thumb/v7e-m+dp/hard\libm.a(lib_a-math_errf.o)
 .text.__math_uflowf
                0x0800e79c        0xc c:/users/ashgr/downloads/daisytoolchain-0.3.1/windows/bin/../lib/gcc/arm-none-eabi/10.2.1/../../../../arm-none-eabi/lib/thumb/v7e-m+dp/hard\libm.a(lib_a-math_errf.o)
                0x0800e79c                __math_uflowf
 .text.__math_may_uflowf
                0x0800e7a8        0xc c:/users/ashgr/downloads/daisytoolchain-0.3.1/windows/bin/../lib/gcc/arm-none-eabi/10.2.1/../../../../arm-none-eabi/lib/thumb/v7e-m+dp/hard\libm.a(lib_a-math_errf.o)
                0x0800e7a8                __math_may_uflowf
 .text.__math_oflowf
                0x0800e7b4        0xc c:/users/ashgr/downloads/daisytoolchain-0.3.1/windows/bin/../lib/gcc/arm-none-eabi/10.2.1/../../../../arm-none-eabi/lib/thumb/v7e-m+dp/hard\libm.a(lib_a-math_errf.o)
                0x0800e7b4                __math_oflowf
 .text.__math_divzerof
                0x0800e7c0       0x24 c:/users/ashgr/downloads/daisytoolchain-0.3.1/windows/bin/../lib/gcc/arm-none-eabi/10.2.1/../../../../arm-none-eabi/lib/thumb/v7e-m+dp/hard\libm.a(lib_a-math_errf.o)
                0x0800e7c0                __math_divzerof
 .text.__math_invalidf
                0x0800e7e4       0x20 c:/users/ashgr/downloads/daisytoolchain-0.3.1/windows/bin/../lib/gcc/arm-none-eabi/10.2.1/../../../../arm-none-eabi/lib/thumb/v7e-m+dp/hard\libm.a(lib_a-math_errf.o)
                0x0800e7e4                __math_invalidf
 *fill*         0x0800e804        0x4 
 .text.cos      0x0800e808       0x80 c:/users/ashgr/downloads/daisytoolchain-0.3.1/windows/bin/../lib/gcc/arm-none-eabi/10.2.1/../../../../arm-none-eabi/lib/thumb/v7e-m+dp/hard\libm.a(lib_a-s_cos.o)
                0x0800e808                cos
 .text.expf     0x0800e888       0xe4 c:/users/ashgr/downloads/daisytoolchain-0.3.1/windows/bin/../lib/gcc/arm-none-eabi/10.2.1/../../../../arm-none-eabi/lib/thumb/v7e-m+dp/hard\libm.a(lib_a-sf_exp.o)
                0x0800e888                expf
 .text.logf     0x0800e96c       0xc8 c:/users/ashgr/downloads/daisytoolchain-0.3.1/windows/bin/../lib/gcc/arm-none-eabi/10.2.1/../../../../arm-none-eabi/lib/thumb/v7e-m+dp/hard\libm.a(lib_a-sf_log.o)
                0x0800e96c                logf
 *fill*         0x0800ea34        0x4 
 .text.powf     0x0800ea38      0x328 c:/users/ashgr/downloads/daisytoolchain-0.3.1/windows/bin/../lib/gcc/arm-none-eabi/10.2.1/../../../../arm-none-eabi/lib/thumb/v7e-m+dp/hard\libm.a(lib_a-sf_pow.o)
                0x0800ea38                powf
 .text.__ieee754_rem_pio2
                0x0800ed60      0x294 c:/users/ashgr/downloads/daisytoolchain-0.3.1/windows/bin/../lib/gcc/arm-none-eabi/10.2.1/../../../../arm-none-eabi/lib/thumb/v7e-m+dp/hard\libm.a(lib_a-e_rem_pio2.o)
                0x0800ed60                __ieee754_rem_pio2
 *fill*         0x0800eff4        0x4 
 .text.__kernel_cos
                0x0800eff8      0x130 c:/users/ashgr/downloads/daisytoolchain-0.3.1/windows/bin/../lib/gcc/arm-none-eabi/10.2.1/../../../../arm-none-eabi/lib/thumb/v7e-m+dp/hard\libm.a(lib_a-k_cos.o)
                0x0800eff8                __kernel_cos
 .text.__kernel_rem_pio2
                0x0800f128      0x6b0 c:/users/ashgr/downloads/daisytoolchain-0.3.1/windows/bin/../lib/gcc/arm-none-eabi/10.2.1/../../../../arm-none-eabi/lib/thumb/v7e-m+dp/hard\libm.a(lib_a-k_rem_pio2.o)
                0x0800f128                __kernel_rem_pio2
 .text.__kernel_sin
                0x0800f7d8       0xb0 c:/users/ashgr/downloads/daisytoolchain-0.3.1/windows/bin/../lib/gcc/arm-none-eabi/10.2.1/../../../../arm-none-eabi/lib/thumb/v7e-m+dp/hard\libm.a(lib_a-k_sin.o)
                0x0800f7d8                __kernel_sin
 .text.fabs     0x0800f888       0x14 c:/users/ashgr/downloads/daisytoolchain-0.3.1/windows/bin/../lib/gcc/arm-none-eabi/10.2.1/../../../../arm-none-eabi/lib/thumb/v7e-m+dp/hard\libm.a(lib_a-s_fabs.o)
                0x0800f888                fabs
 *fill*         0x0800f89c        0x4 
 .text.floor    0x0800f8a0      0x108 c:/users/ashgr/downloads/daisytoolchain-0.3.1/windows/bin/../lib/gcc/arm-none-eabi/10.2.1/../../../../arm-none-eabi/lib/thumb/v7e-m+dp/hard\libm.a(lib_a-s_floor.o)
                0x0800f8a0                floor
 .text.scalbn   0x0800f9a8      0x10c c:/users/ashgr/downloads/daisytoolchain-0.3.1/windows/bin/../lib/gcc/arm-none-eabi/10.2.1/../../../../arm-none-eabi/lib/thumb/v7e-m+dp/hard\libm.a(lib_a-s_scalbn.o)
                0x0800f9a8                scalbn
 .text.__cxa_atexit
                0x0800fab4       0x1c c:/users/ashgr/downloads/daisytoolchain-0.3.1/windows/bin/../lib/gcc/arm-none-eabi/10.2.1/../../../../arm-none-eabi/lib/thumb/v7e-m+dp/hard\libc_nano.a(lib_a-cxa_atexit.o)
                0x0800fab4                __cxa_atexit
 .text.__errno  0x0800fad0        0xc c:/users/ashgr/downloads/daisytoolchain-0.3.1/windows/bin/../lib/gcc/arm-none-eabi/10.2.1/../../../../arm-none-eabi/lib/thumb/v7e-m+dp/hard\libc_nano.a(lib_a-errno.o)
                0x0800fad0                __errno
 .text.__libc_init_array
                0x0800fadc       0x48 c:/users/ashgr/downloads/daisytoolchain-0.3.1/windows/bin/../lib/gcc/arm-none-eabi/10.2.1/../../../../arm-none-eabi/lib/thumb/v7e-m+dp/hard\libc_nano.a(lib_a-init.o)
                0x0800fadc                __libc_init_array
 .text.memcpy   0x0800fb24       0x1c c:/users/ashgr/downloads/daisytoolchain-0.3.1/windows/bin/../lib/gcc/arm-none-eabi/10.2.1/../../../../arm-none-eabi/lib/thumb/v7e-m+dp/hard\libc_nano.a(lib_a-memcpy-stub.o)
                0x0800fb24                memcpy
 .text.memset   0x0800fb40       0x10 c:/users/ashgr/downloads/daisytoolchain-0.3.1/windows/bin/../lib/gcc/arm-none-eabi/10.2.1/../../../../arm-none-eabi/lib/thumb/v7e-m+dp/hard\libc_nano.a(lib_a-memset.o)
                0x0800fb40                memset
 *(.rodata)
 .rodata        0x0800fb50        0x6 build/sego.o
 *fill*         0x0800fb56        0x2 
 .rodata        0x0800fb58       0x10 ../../libdaisy/build\libdaisy.a(i2c.o)
 .rodata        0x0800fb68       0x12 ../../libdaisy/build\libdaisy.a(uart.o)
 *fill*         0x0800fb7a        0x2 
 .rodata        0x0800fb7c        0x8 ../../libdaisy/build\libdaisy.a(stm32h7xx_hal_uart_ex.o)
 .rodata        0x0800fb84       0x10 ../../libdaisy/build\libdaisy.a(tim.o)
 *(.rodata*)
 .rodata.D1CorePrescTable
                0x0800fb94       0x10 ../../libdaisy/build\libdaisy.a(system_stm32h7xx.o)
                0x0800fb94                D1CorePrescTable
 .rodata._ZL8seedgpio
                0x0800fba4       0x3e ../../libdaisy/build\libdaisy.a(daisy_seed.o)
 *fill*         0x0800fbe2        0x2 
 .rodata._ZL16dsy_adc_rank_map
                0x0800fbe4       0x40 ../../libdaisy/build\libdaisy.a(adc.o)
 .rodata.CSWTCH.35
                0x0800fc24        0x3 ../../libdaisy/build\libdaisy.a(sai.o)
 *fill*         0x0800fc27        0x1 
 .rodata.CSWTCH.36
                0x0800fc28        0xc ../../libdaisy/build\libdaisy.a(sai.o)
 .rodata.CSWTCH.44
                0x0800fc34       0x14 ../../libdaisy/build\libdaisy.a(sai.o)
 .rodata.CSWTCH.63
                0x0800fc48       0x24 ../../libdaisy/build\libdaisy.a(uart.o)
 .rodata.CSWTCH.64
                0x0800fc6c        0xc ../../libdaisy/build\libdaisy.a(uart.o)
 .rodata.CSWTCH.65
                0x0800fc78       0x10 ../../libdaisy/build\libdaisy.a(uart.o)
 .rodata.CSWTCH.66
                0x0800fc88        0xc ../../libdaisy/build\libdaisy.a(uart.o)
 .rodata._ZN5daisy5Color15standard_colorsE
                0x0800fc94       0x60 ../../libdaisy/build\libdaisy.a(color.o)
                0x0800fc94                daisy::Color::standard_colors
 .rodata.gpio_hal_pin_map
                0x0800fcf4       0x20 ../../libdaisy/build\libdaisy.a(hal_map.o)
 .rodata.gpio_hal_port_map
                0x0800fd14       0x30 ../../libdaisy/build\libdaisy.a(hal_map.o)
 .rodata.flagBitshiftOffset.0
                0x0800fd44        0x8 ../../libdaisy/build\libdaisy.a(stm32h7xx_hal_dma.o)
 .rodata.CSWTCH.418
                0x0800fd4c       0x29 ../../libdaisy/build\libdaisy.a(stm32h7xx_hal_uart.o)
 *fill*         0x0800fd75        0x3 
 .rodata.CSWTCH.419
                0x0800fd78        0x6 ../../libdaisy/build\libdaisy.a(stm32h7xx_hal_uart.o)
 *fill*         0x0800fd7e        0x2 
 .rodata.CSWTCH.426
                0x0800fd80        0x6 ../../libdaisy/build\libdaisy.a(stm32h7xx_hal_uart.o)
 *fill*         0x0800fd86        0x2 
 .rodata.HAL_UARTEx_EnableFifoMode.str1.4
                0x0800fd88        0x9 ../../libdaisy/build\libdaisy.a(stm32h7xx_hal_uart_ex.o)
 *fill*         0x0800fd91        0x3 
 .rodata._ZL13pins_none_spi
                0x0800fd94        0x3 ../../libdaisy/build\libdaisy.a(spi.o)
 *fill*         0x0800fd97        0x1 
 .rodata._ZL16pins_periphs_spi
                0x0800fd98       0x60 ../../libdaisy/build\libdaisy.a(spi.o)
 .rodata.__exp2f_data
                0x0800fdf8      0x148 c:/users/ashgr/downloads/daisytoolchain-0.3.1/windows/bin/../lib/gcc/arm-none-eabi/10.2.1/../../../../arm-none-eabi/lib/thumb/v7e-m+dp/hard\libm.a(lib_a-sf_exp2_data.o)
                0x0800fdf8                __exp2f_data
 .rodata.__logf_data
                0x0800ff40      0x120 c:/users/ashgr/downloads/daisytoolchain-0.3.1/windows/bin/../lib/gcc/arm-none-eabi/10.2.1/../../../../arm-none-eabi/lib/thumb/v7e-m+dp/hard\libm.a(lib_a-sf_log_data.o)
                0x0800ff40                __logf_data
 .rodata.__powf_log2_data
                0x08010060      0x128 c:/users/ashgr/downloads/daisytoolchain-0.3.1/windows/bin/../lib/gcc/arm-none-eabi/10.2.1/../../../../arm-none-eabi/lib/thumb/v7e-m+dp/hard\libm.a(lib_a-sf_pow_log2_data.o)
                0x08010060                __powf_log2_data
 .rodata.__inv_pio4
                0x08010188       0x60 c:/users/ashgr/downloads/daisytoolchain-0.3.1/windows/bin/../lib/gcc/arm-none-eabi/10.2.1/../../../../arm-none-eabi/lib/thumb/v7e-m+dp/hard\libm.a(lib_a-sincosf_data.o)
                0x08010188                __inv_pio4
 .rodata.__sincosf_table
                0x080101e8       0xe0 c:/users/ashgr/downloads/daisytoolchain-0.3.1/windows/bin/../lib/gcc/arm-none-eabi/10.2.1/../../../../arm-none-eabi/lib/thumb/v7e-m+dp/hard\libm.a(lib_a-sincosf_data.o)
                0x080101e8                __sincosf_table
 .rodata.npio2_hw
                0x080102c8       0x80 c:/users/ashgr/downloads/daisytoolchain-0.3.1/windows/bin/../lib/gcc/arm-none-eabi/10.2.1/../../../../arm-none-eabi/lib/thumb/v7e-m+dp/hard\libm.a(lib_a-e_rem_pio2.o)
 .rodata.two_over_pi
                0x08010348      0x108 c:/users/ashgr/downloads/daisytoolchain-0.3.1/windows/bin/../lib/gcc/arm-none-eabi/10.2.1/../../../../arm-none-eabi/lib/thumb/v7e-m+dp/hard\libm.a(lib_a-e_rem_pio2.o)
 .rodata.PIo2   0x08010450       0x40 c:/users/ashgr/downloads/daisytoolchain-0.3.1/windows/bin/../lib/gcc/arm-none-eabi/10.2.1/../../../../arm-none-eabi/lib/thumb/v7e-m+dp/hard\libm.a(lib_a-k_rem_pio2.o)
 .rodata.init_jk
                0x08010490       0x10 c:/users/ashgr/downloads/daisytoolchain-0.3.1/windows/bin/../lib/gcc/arm-none-eabi/10.2.1/../../../../arm-none-eabi/lib/thumb/v7e-m+dp/hard\libm.a(lib_a-k_rem_pio2.o)
 *(.glue_7)
 .glue_7        0x080104a0        0x0 linker stubs
 *(.glue_7t)
 .glue_7t       0x080104a0        0x0 linker stubs
 *(.init)
 .init          0x080104a0        0x4 c:/users/ashgr/downloads/daisytoolchain-0.3.1/windows/bin/../lib/gcc/arm-none-eabi/10.2.1/thumb/v7e-m+dp/hard/crti.o
                0x080104a0                _init
 .init          0x080104a4        0x8 c:/users/ashgr/downloads/daisytoolchain-0.3.1/windows/bin/../lib/gcc/arm-none-eabi/10.2.1/thumb/v7e-m+dp/hard/crtn.o
 *(.fini)
 .fini          0x080104ac        0x4 c:/users/ashgr/downloads/daisytoolchain-0.3.1/windows/bin/../lib/gcc/arm-none-eabi/10.2.1/thumb/v7e-m+dp/hard/crti.o
                0x080104ac                _fini
 .fini          0x080104b0        0x8 c:/users/ashgr/downloads/daisytoolchain-0.3.1/windows/bin/../lib/gcc/arm-none-eabi/10.2.1/thumb/v7e-m+dp/hard/crtn.o
                0x080104b8                . = ALIGN (0x4)
                0x080104b8                _etext = .

.eh_frame       0x080104b8        0x0
 .eh_frame      0x080104b8        0x0 c:/users/ashgr/downloads/daisytoolchain-0.3.1/windows/bin/../lib/gcc/arm-none-eabi/10.2.1/thumb/v7e-m+dp/hard/crtbegin.o

.vfp11_veneer   0x080104b8        0x0
 .vfp11_veneer  0x080104b8        0x0 linker stubs

.v4_bx          0x080104b8        0x0
 .v4_bx         0x080104b8        0x0 linker stubs

.iplt           0x080104b8        0x0
 .iplt          0x080104b8        0x0 c:/users/ashgr/downloads/daisytoolchain-0.3.1/windows/bin/../lib/gcc/arm-none-eabi/10.2.1/thumb/v7e-m+dp/hard/crtbegin.o

.ARM.extab      0x080104b8        0x0
                0x080104b8                . = ALIGN (0x4)
 *(.ARM.extab)
 *(.gnu.linkonce.armextab.*)
                0x080104b8                . = ALIGN (0x4)

.exidx          0x080104b8        0x8
                0x080104b8                . = ALIGN (0x4)
                [!provide]                PROVIDE (__exidx_start = .)
 *(.ARM.exidx*)
 .ARM.exidx     0x080104b8        0x8 c:/users/ashgr/downloads/daisytoolchain-0.3.1/windows/bin/../lib/gcc/arm-none-eabi/10.2.1/thumb/v7e-m+dp/hard\libgcc.a(_udivmoddi4.o)
                0x080104c0                . = ALIGN (0x4)
                [!provide]                PROVIDE (__exidx_end = .)

.rel.dyn        0x080104c0        0x0
 .rel.iplt      0x080104c0        0x0 c:/users/ashgr/downloads/daisytoolchain-0.3.1/windows/bin/../lib/gcc/arm-none-eabi/10.2.1/thumb/v7e-m+dp/hard/crtbegin.o

.ARM.attributes
                0x080104c0       0x2e
 *(.ARM.attributes)
 .ARM.attributes
                0x080104c0       0x1e c:/users/ashgr/downloads/daisytoolchain-0.3.1/windows/bin/../lib/gcc/arm-none-eabi/10.2.1/thumb/v7e-m+dp/hard/crti.o
 .ARM.attributes
                0x080104de       0x32 c:/users/ashgr/downloads/daisytoolchain-0.3.1/windows/bin/../lib/gcc/arm-none-eabi/10.2.1/thumb/v7e-m+dp/hard/crtbegin.o
 .ARM.attributes
                0x08010510       0x32 build/startup_stm32h750xx.o
 .ARM.attributes
                0x08010542       0x32 build/sego.o
 .ARM.attributes
                0x08010574       0x32 ../../libdaisy/build\libdaisy.a(parameter.o)
 .ARM.attributes
                0x080105a6       0x32 ../../libdaisy/build\libdaisy.a(system_stm32h7xx.o)
 .ARM.attributes
                0x080105d8       0x32 ../../libdaisy/build\libdaisy.a(cso_hardware.o)
 .ARM.attributes
                0x0801060a       0x32 ../../libdaisy/build\libdaisy.a(daisy_seed.o)
 .ARM.attributes
                0x0801063c       0x32 ../../libdaisy/build\libdaisy.a(codec_ak4556.o)
 .ARM.attributes
                0x0801066e       0x32 ../../libdaisy/build\libdaisy.a(codec_wm8731.o)
 .ARM.attributes
                0x080106a0       0x32 ../../libdaisy/build\libdaisy.a(sdram.o)
 .ARM.attributes
                0x080106d2       0x32 ../../libdaisy/build\libdaisy.a(audio.o)
 .ARM.attributes
                0x08010704       0x32 ../../libdaisy/build\libdaisy.a(ctrl.o)
 .ARM.attributes
                0x08010736       0x32 ../../libdaisy/build\libdaisy.a(rgb_led.o)
 .ARM.attributes
                0x08010768       0x32 ../../libdaisy/build\libdaisy.a(switch.o)
 .ARM.attributes
                0x0801079a       0x32 ../../libdaisy/build\libdaisy.a(adc.o)
 .ARM.attributes
                0x080107cc       0x32 ../../libdaisy/build\libdaisy.a(gpio.o)
 .ARM.attributes
                0x080107fe       0x32 ../../libdaisy/build\libdaisy.a(i2c.o)
 .ARM.attributes
                0x08010830       0x32 ../../libdaisy/build\libdaisy.a(qspi.o)
 .ARM.attributes
                0x08010862       0x32 ../../libdaisy/build\libdaisy.a(sai.o)
 .ARM.attributes
                0x08010894       0x32 ../../libdaisy/build\libdaisy.a(uart.o)
 .ARM.attributes
                0x080108c6       0x32 ../../libdaisy/build\libdaisy.a(system.o)
 .ARM.attributes
                0x080108f8       0x32 ../../libdaisy/build\libdaisy.a(color.o)
 .ARM.attributes
                0x0801092a       0x32 ../../libdaisy/build\libdaisy.a(hal_map.o)
 .ARM.attributes
                0x0801095c       0x32 ../../libdaisy/build\libdaisy.a(stm32h7xx_hal.o)
 .ARM.attributes
                0x0801098e       0x32 ../../libdaisy/build\libdaisy.a(stm32h7xx_hal_adc.o)
 .ARM.attributes
                0x080109c0       0x32 ../../libdaisy/build\libdaisy.a(stm32h7xx_hal_adc_ex.o)
 .ARM.attributes
                0x080109f2       0x32 ../../libdaisy/build\libdaisy.a(stm32h7xx_hal_cortex.o)
 .ARM.attributes
                0x08010a24       0x32 ../../libdaisy/build\libdaisy.a(stm32h7xx_hal_dma.o)
 .ARM.attributes
                0x08010a56       0x32 ../../libdaisy/build\libdaisy.a(stm32h7xx_hal_gpio.o)
 .ARM.attributes
                0x08010a88       0x32 ../../libdaisy/build\libdaisy.a(stm32h7xx_hal_i2c.o)
 .ARM.attributes
                0x08010aba       0x32 ../../libdaisy/build\libdaisy.a(stm32h7xx_hal_i2c_ex.o)
 .ARM.attributes
                0x08010aec       0x32 ../../libdaisy/build\libdaisy.a(stm32h7xx_hal_pwr_ex.o)
 .ARM.attributes
                0x08010b1e       0x32 ../../libdaisy/build\libdaisy.a(stm32h7xx_hal_qspi.o)
 .ARM.attributes
                0x08010b50       0x32 ../../libdaisy/build\libdaisy.a(stm32h7xx_hal_rcc.o)
 .ARM.attributes
                0x08010b82       0x32 ../../libdaisy/build\libdaisy.a(stm32h7xx_hal_rcc_ex.o)
 .ARM.attributes
                0x08010bb4       0x32 ../../libdaisy/build\libdaisy.a(stm32h7xx_hal_sai.o)
 .ARM.attributes
                0x08010be6       0x32 ../../libdaisy/build\libdaisy.a(stm32h7xx_hal_sdram.o)
 .ARM.attributes
                0x08010c18       0x32 ../../libdaisy/build\libdaisy.a(stm32h7xx_hal_uart.o)
 .ARM.attributes
                0x08010c4a       0x32 ../../libdaisy/build\libdaisy.a(stm32h7xx_hal_uart_ex.o)
 .ARM.attributes
                0x08010c7c       0x32 ../../libdaisy/build\libdaisy.a(stm32h7xx_ll_fmc.o)
 .ARM.attributes
                0x08010cae       0x32 ../../libdaisy/build\libdaisy.a(led.o)
 .ARM.attributes
                0x08010ce0       0x32 ../../libdaisy/build\libdaisy.a(rng.o)
 .ARM.attributes
                0x08010d12       0x32 ../../libdaisy/build\libdaisy.a(spi.o)
 .ARM.attributes
                0x08010d44       0x32 ../../libdaisy/build\libdaisy.a(tim.o)
 .ARM.attributes
                0x08010d76       0x32 ../../libdaisy/build\libdaisy.a(dma.o)
 .ARM.attributes
                0x08010da8       0x32 ../../libdaisy/build\libdaisy.a(stm32h7xx_hal_mdma.o)
 .ARM.attributes
                0x08010dda       0x32 ../../libdaisy/build\libdaisy.a(stm32h7xx_hal_spi.o)
 .ARM.attributes
                0x08010e0c       0x32 ../../libdaisy/build\libdaisy.a(stm32h7xx_hal_tim.o)
 .ARM.attributes
                0x08010e3e       0x32 ../../libdaisy/build\libdaisy.a(stm32h7xx_hal_tim_ex.o)
 .ARM.attributes
                0x08010e70       0x32 ../../DaisySP/build\libdaisysp.a(cso.o)
 .ARM.attributes
                0x08010ea2       0x32 c:/users/ashgr/downloads/daisytoolchain-0.3.1/windows/bin/../lib/gcc/arm-none-eabi/10.2.1/../../../../arm-none-eabi/lib/thumb/v7e-m+dp/hard\libstdc++_nano.a(atexit_arm.o)
 .ARM.attributes
                0x08010ed4       0x32 c:/users/ashgr/downloads/daisytoolchain-0.3.1/windows/bin/../lib/gcc/arm-none-eabi/10.2.1/../../../../arm-none-eabi/lib/thumb/v7e-m+dp/hard\libm.a(lib_a-cosf.o)
 .ARM.attributes
                0x08010f06       0x32 c:/users/ashgr/downloads/daisytoolchain-0.3.1/windows/bin/../lib/gcc/arm-none-eabi/10.2.1/../../../../arm-none-eabi/lib/thumb/v7e-m+dp/hard\libm.a(lib_a-math_errf.o)
 .ARM.attributes
                0x08010f38       0x32 c:/users/ashgr/downloads/daisytoolchain-0.3.1/windows/bin/../lib/gcc/arm-none-eabi/10.2.1/../../../../arm-none-eabi/lib/thumb/v7e-m+dp/hard\libm.a(lib_a-s_cos.o)
 .ARM.attributes
                0x08010f6a       0x32 c:/users/ashgr/downloads/daisytoolchain-0.3.1/windows/bin/../lib/gcc/arm-none-eabi/10.2.1/../../../../arm-none-eabi/lib/thumb/v7e-m+dp/hard\libm.a(lib_a-sf_exp.o)
 .ARM.attributes
                0x08010f9c       0x30 c:/users/ashgr/downloads/daisytoolchain-0.3.1/windows/bin/../lib/gcc/arm-none-eabi/10.2.1/../../../../arm-none-eabi/lib/thumb/v7e-m+dp/hard\libm.a(lib_a-sf_exp2_data.o)
 .ARM.attributes
                0x08010fcc       0x32 c:/users/ashgr/downloads/daisytoolchain-0.3.1/windows/bin/../lib/gcc/arm-none-eabi/10.2.1/../../../../arm-none-eabi/lib/thumb/v7e-m+dp/hard\libm.a(lib_a-sf_log.o)
 .ARM.attributes
                0x08010ffe       0x30 c:/users/ashgr/downloads/daisytoolchain-0.3.1/windows/bin/../lib/gcc/arm-none-eabi/10.2.1/../../../../arm-none-eabi/lib/thumb/v7e-m+dp/hard\libm.a(lib_a-sf_log_data.o)
 .ARM.attributes
                0x0801102e       0x32 c:/users/ashgr/downloads/daisytoolchain-0.3.1/windows/bin/../lib/gcc/arm-none-eabi/10.2.1/../../../../arm-none-eabi/lib/thumb/v7e-m+dp/hard\libm.a(lib_a-sf_pow.o)
 .ARM.attributes
                0x08011060       0x30 c:/users/ashgr/downloads/daisytoolchain-0.3.1/windows/bin/../lib/gcc/arm-none-eabi/10.2.1/../../../../arm-none-eabi/lib/thumb/v7e-m+dp/hard\libm.a(lib_a-sf_pow_log2_data.o)
 .ARM.attributes
                0x08011090       0x30 c:/users/ashgr/downloads/daisytoolchain-0.3.1/windows/bin/../lib/gcc/arm-none-eabi/10.2.1/../../../../arm-none-eabi/lib/thumb/v7e-m+dp/hard\libm.a(lib_a-sincosf_data.o)
 .ARM.attributes
                0x080110c0       0x32 c:/users/ashgr/downloads/daisytoolchain-0.3.1/windows/bin/../lib/gcc/arm-none-eabi/10.2.1/../../../../arm-none-eabi/lib/thumb/v7e-m+dp/hard\libm.a(lib_a-e_rem_pio2.o)
 .ARM.attributes
                0x080110f2       0x32 c:/users/ashgr/downloads/daisytoolchain-0.3.1/windows/bin/../lib/gcc/arm-none-eabi/10.2.1/../../../../arm-none-eabi/lib/thumb/v7e-m+dp/hard\libm.a(lib_a-k_cos.o)
 .ARM.attributes
                0x08011124       0x32 c:/users/ashgr/downloads/daisytoolchain-0.3.1/windows/bin/../lib/gcc/arm-none-eabi/10.2.1/../../../../arm-none-eabi/lib/thumb/v7e-m+dp/hard\libm.a(lib_a-k_rem_pio2.o)
 .ARM.attributes
                0x08011156       0x32 c:/users/ashgr/downloads/daisytoolchain-0.3.1/windows/bin/../lib/gcc/arm-none-eabi/10.2.1/../../../../arm-none-eabi/lib/thumb/v7e-m+dp/hard\libm.a(lib_a-k_sin.o)
 .ARM.attributes
                0x08011188       0x32 c:/users/ashgr/downloads/daisytoolchain-0.3.1/windows/bin/../lib/gcc/arm-none-eabi/10.2.1/../../../../arm-none-eabi/lib/thumb/v7e-m+dp/hard\libm.a(lib_a-s_fabs.o)
 .ARM.attributes
                0x080111ba       0x32 c:/users/ashgr/downloads/daisytoolchain-0.3.1/windows/bin/../lib/gcc/arm-none-eabi/10.2.1/../../../../arm-none-eabi/lib/thumb/v7e-m+dp/hard\libm.a(lib_a-s_floor.o)
 .ARM.attributes
                0x080111ec       0x32 c:/users/ashgr/downloads/daisytoolchain-0.3.1/windows/bin/../lib/gcc/arm-none-eabi/10.2.1/../../../../arm-none-eabi/lib/thumb/v7e-m+dp/hard\libm.a(lib_a-s_scalbn.o)
 .ARM.attributes
                0x0801121e       0x32 c:/users/ashgr/downloads/daisytoolchain-0.3.1/windows/bin/../lib/gcc/arm-none-eabi/10.2.1/../../../../arm-none-eabi/lib/thumb/v7e-m+dp/hard\libc_nano.a(lib_a-cxa_atexit.o)
 .ARM.attributes
                0x08011250       0x32 c:/users/ashgr/downloads/daisytoolchain-0.3.1/windows/bin/../lib/gcc/arm-none-eabi/10.2.1/../../../../arm-none-eabi/lib/thumb/v7e-m+dp/hard\libc_nano.a(lib_a-errno.o)
 .ARM.attributes
                0x08011282       0x30 c:/users/ashgr/downloads/daisytoolchain-0.3.1/windows/bin/../lib/gcc/arm-none-eabi/10.2.1/../../../../arm-none-eabi/lib/thumb/v7e-m+dp/hard\libc_nano.a(lib_a-impure.o)
 .ARM.attributes
                0x080112b2       0x32 c:/users/ashgr/downloads/daisytoolchain-0.3.1/windows/bin/../lib/gcc/arm-none-eabi/10.2.1/../../../../arm-none-eabi/lib/thumb/v7e-m+dp/hard\libc_nano.a(lib_a-init.o)
 .ARM.attributes
                0x080112e4       0x32 c:/users/ashgr/downloads/daisytoolchain-0.3.1/windows/bin/../lib/gcc/arm-none-eabi/10.2.1/../../../../arm-none-eabi/lib/thumb/v7e-m+dp/hard\libc_nano.a(lib_a-memcpy-stub.o)
 .ARM.attributes
                0x08011316       0x32 c:/users/ashgr/downloads/daisytoolchain-0.3.1/windows/bin/../lib/gcc/arm-none-eabi/10.2.1/../../../../arm-none-eabi/lib/thumb/v7e-m+dp/hard\libc_nano.a(lib_a-memset.o)
 .ARM.attributes
                0x08011348       0x1e c:/users/ashgr/downloads/daisytoolchain-0.3.1/windows/bin/../lib/gcc/arm-none-eabi/10.2.1/thumb/v7e-m+dp/hard\libgcc.a(_arm_addsubdf3.o)
 .ARM.attributes
                0x08011366       0x1e c:/users/ashgr/downloads/daisytoolchain-0.3.1/windows/bin/../lib/gcc/arm-none-eabi/10.2.1/thumb/v7e-m+dp/hard\libgcc.a(_aeabi_uldivmod.o)
 .ARM.attributes
                0x08011384       0x32 c:/users/ashgr/downloads/daisytoolchain-0.3.1/windows/bin/../lib/gcc/arm-none-eabi/10.2.1/thumb/v7e-m+dp/hard\libgcc.a(_udivmoddi4.o)
 .ARM.attributes
                0x080113b6       0x1e c:/users/ashgr/downloads/daisytoolchain-0.3.1/windows/bin/../lib/gcc/arm-none-eabi/10.2.1/thumb/v7e-m+dp/hard\libgcc.a(_dvmd_tls.o)
 .ARM.attributes
                0x080113d4       0x1e c:/users/ashgr/downloads/daisytoolchain-0.3.1/windows/bin/../lib/gcc/arm-none-eabi/10.2.1/thumb/v7e-m+dp/hard/crtn.o

.preinit_array  0x080104c0        0x0
                0x080104c0                PROVIDE (__preinit_array_start = .)
 *(.preinit_array*)
                0x080104c0                PROVIDE (__preinit_array_end = .)

.init_array     0x080104c0       0x20
                0x080104c0                PROVIDE (__init_array_start = .)
 *(SORT_BY_NAME(.init_array.*))
 *(.init_array*)
 .init_array    0x080104c0        0x4 c:/users/ashgr/downloads/daisytoolchain-0.3.1/windows/bin/../lib/gcc/arm-none-eabi/10.2.1/thumb/v7e-m+dp/hard/crtbegin.o
 .init_array    0x080104c4        0x4 build/sego.o
 .init_array    0x080104c8        0x4 ../../libdaisy/build\libdaisy.a(audio.o)
 .init_array    0x080104cc        0x4 ../../libdaisy/build\libdaisy.a(i2c.o)
 .init_array    0x080104d0        0x4 ../../libdaisy/build\libdaisy.a(qspi.o)
 .init_array    0x080104d4        0x4 ../../libdaisy/build\libdaisy.a(uart.o)
 .init_array    0x080104d8        0x4 ../../libdaisy/build\libdaisy.a(system.o)
 .init_array    0x080104dc        0x4 ../../libdaisy/build\libdaisy.a(spi.o)
                0x080104e0                PROVIDE (__init_array_end = .)

.fini_array     0x080104e0        0x4
                [!provide]                PROVIDE (__fini_array_start = .)
 *(.fini_array*)
 .fini_array    0x080104e0        0x4 c:/users/ashgr/downloads/daisytoolchain-0.3.1/windows/bin/../lib/gcc/arm-none-eabi/10.2.1/thumb/v7e-m+dp/hard/crtbegin.o
 *(SORT_BY_NAME(.fini_array.*))
                [!provide]                PROVIDE (__fini_array_end = .)

.data           0x24000000      0x2b4 load address 0x080104e4
                0x24000000                . = ALIGN (0x4)
                0x24000000                _sdata = .
                [!provide]                PROVIDE (__data_start__ = _sdata)
 *(.data)
 .data          0x24000000        0x4 c:/users/ashgr/downloads/daisytoolchain-0.3.1/windows/bin/../lib/gcc/arm-none-eabi/10.2.1/thumb/v7e-m+dp/hard/crtbegin.o
                0x24000000                __dso_handle
 *(.data*)
 .data.SystemCoreClock
                0x24000004        0x4 ../../libdaisy/build\libdaisy.a(system_stm32h7xx.o)
                0x24000004                SystemCoreClock
 .data.SystemD2Clock
                0x24000008        0x4 ../../libdaisy/build\libdaisy.a(system_stm32h7xx.o)
                0x24000008                SystemD2Clock
 .data._ZN5daisy9I2CHandle4Impl21queued_dma_transfers_E
                0x2400000c       0x48 ../../libdaisy/build\libdaisy.a(i2c.o)
                0x2400000c                daisy::I2CHandle::Impl::queued_dma_transfers_
 .data.lpuart1_pins_rx
                0x24000054        0x9 ../../libdaisy/build\libdaisy.a(uart.o)
                0x24000054                lpuart1_pins_rx
 *fill*         0x2400005d        0x3 
 .data.lpuart1_pins_tx